<html>
<body>
<pre>
<h1>µVision Build Log</h1>
<h2>Tool Versions:</h2>
IDE-Version: ¦ÌVision V5.30.0.0
Copyright (C) 2020 ARM Ltd and ARM Germany GmbH. All rights reserved.
License Information: siyuan 1, 1, LIC=W96CK-Z85YK-355TX-HRELH-DLA2R-8ACXY
 
Tool Versions:
Toolchain:       MDK-ARM Professional  Version: 5.30.0.0
Toolchain Path:  C:\Keil_v5\ARM\ARMCC\Bin
C Compiler:      Armcc.exe V5.06 update 6 (build 750)
Assembler:       Armasm.exe V5.06 update 6 (build 750)
Linker/Locator:  ArmLink.exe V5.06 update 6 (build 750)
Library Manager: ArmAr.exe V5.06 update 6 (build 750)
Hex Converter:   FromElf.exe V5.06 update 6 (build 750)
CPU DLL:         SARMCM3.DLL V5.30.0.0
Dialog DLL:      DCM.DLL V1.17.3.0
Target DLL:      Segger\JL2CM3.dll V2.99.38.0
Dialog DLL:      TCM.DLL V1.42.0.0
 
<h2>Project:</h2>
E:\MCU\GD32C103CB\V1.1\Ñ§Ï°Àý×Ó\µÚ8ÕÂ ISO_9141-2\Examples\MDK-ARM\cdc_acm.uvprojx
Project File Date:  09/07/2022

<h2>Output:</h2>
*** Using Compiler 'V5.06 update 6 (build 750)', folder: 'C:\Keil_v5\ARM\ARMCC\Bin'
Build target 'ISO-9141'
compiling usart.c...
..\..\BSP\usart.c(200): warning:  #111-D: statement is unreachable
      return 1;
..\..\BSP\usart.c(164): warning:  #550-D: variable "time"  was set but never used
      uint32_t time;
..\..\BSP\usart.c(212): warning:  #177-D: variable "i"  was declared but never referenced
  	uint16_t i=0;
..\..\BSP\usart.c(213): warning:  #177-D: variable "tmp"  was declared but never referenced
  	uint32_t tmp=0;
..\..\BSP\usart.c(263): warning:  #177-D: variable "i"  was declared but never referenced
  	uint16_t i=0;
..\..\BSP\usart.c(264): warning:  #177-D: variable "tmp"  was declared but never referenced
  	uint32_t tmp=0;
..\..\BSP\usart.c(536): warning:  #177-D: variable "i"  was declared but never referenced
  	uint16_t i=0;
..\..\BSP\usart.c(537): warning:  #177-D: variable "tmp"  was declared but never referenced
  	uint32_t tmp=0;
..\..\BSP\usart.c(584): warning:  #177-D: variable "i"  was declared but never referenced
  	uint16_t i=0;
..\..\BSP\usart.c(585): warning:  #177-D: variable "tmp"  was declared but never referenced
  	uint32_t tmp=0;
..\..\BSP\usart.c: 10 warnings, 0 errors
compiling app.c...
linking...
Program Size: Code=16344 RO-data=1072 RW-data=380 ZI-data=19708  
FromELF: creating hex file...
".\object\cdc_acm.axf" - 0 Error(s), 10 Warning(s).

<h2>Software Packages used:</h2>

Package Vendor: GigaDevice
                http://gd32mcu.com/data/documents/pack/GigaDevice.GD32C10x_DFP.1.0.0.pack
                GigaDevice.GD32C10x_DFP.1.0.0
                GigaDevice GD32C10x Series Device Support and Examples

<h2>Collection of Component include folders:</h2>
  .\RTE\_ISO-9141
  C:\Users\siyuan\AppData\Local\Arm\Packs\GigaDevice\GD32C10x_DFP\1.0.0\Device\Include

<h2>Collection of Component Files used:</h2>
Build Time Elapsed:  00:00:03
</pre>
</body>
</html>
