Component: ARM Compiler 5.06 update 6 (build 750) Tool: armlink [4d35ed]

==============================================================================

Section Cross References

    app.o(i.main) refers to gd32c10x_hw.o(i.usb_rcu_config) for usb_rcu_config
    app.o(i.main) refers to gd32c10x_hw.o(i.usb_timer_init) for usb_timer_init
    app.o(i.main) refers to usbd_core.o(i.usbd_init) for usbd_init
    app.o(i.main) refers to gd32c10x_hw.o(i.usb_intr_config) for usb_intr_config
    app.o(i.main) refers to gd32c10x_rcu.o(i.rcu_periph_clock_enable) for rcu_periph_clock_enable
    app.o(i.main) refers to gd32c10x_hw.o(i.ctc_config) for ctc_config
    app.o(i.main) refers to gd32c10x_ctc.o(i.ctc_flag_get) for ctc_flag_get
    app.o(i.main) refers to timer.o(i.TIM5_config) for TIM5_config
    app.o(i.main) refers to timer.o(i.TIM6_config) for TIM6_config
    app.o(i.main) refers to bsp.o(i.Led_Init) for Led_Init
    app.o(i.main) refers to bsp.o(i.Adc_Init) for Adc_Init
    app.o(i.main) refers to rt_memcpy_w.o(.text) for __aeabi_memcpy4
    app.o(i.main) refers to gd32c10x_gpio.o(i.gpio_bit_set) for gpio_bit_set
    app.o(i.main) refers to usart.o(i.InitKinSys) for InitKinSys
    app.o(i.main) refers to usart.o(i.SendKwp9141Frame) for SendKwp9141Frame
    app.o(i.main) refers to timer.o(i.Delay_ms) for Delay_ms
    app.o(i.main) refers to cdc_acm_core.o(.data) for iRxUsbLen
    app.o(i.main) refers to app.o(.bss) for cdc_acm
    app.o(i.main) refers to bsp.o(.data) for iHBitSum
    app.o(i.main) refers to app.o(.constdata) for .constdata
    gd32c10x_hw.o(i.ctc_config) refers to gd32c10x_ctc.o(i.ctc_refsource_prescaler_config) for ctc_refsource_prescaler_config
    gd32c10x_hw.o(i.ctc_config) refers to gd32c10x_ctc.o(i.ctc_refsource_signal_select) for ctc_refsource_signal_select
    gd32c10x_hw.o(i.ctc_config) refers to gd32c10x_ctc.o(i.ctc_refsource_polarity_config) for ctc_refsource_polarity_config
    gd32c10x_hw.o(i.ctc_config) refers to gd32c10x_ctc.o(i.ctc_hardware_trim_mode_config) for ctc_hardware_trim_mode_config
    gd32c10x_hw.o(i.ctc_config) refers to gd32c10x_ctc.o(i.ctc_counter_reload_value_config) for ctc_counter_reload_value_config
    gd32c10x_hw.o(i.ctc_config) refers to gd32c10x_ctc.o(i.ctc_clock_limit_value_config) for ctc_clock_limit_value_config
    gd32c10x_hw.o(i.ctc_config) refers to gd32c10x_ctc.o(i.ctc_counter_enable) for ctc_counter_enable
    gd32c10x_hw.o(i.hw_delay) refers to gd32c10x_hw.o(i.hw_time_set) for hw_time_set
    gd32c10x_hw.o(i.hw_delay) refers to gd32c10x_timer.o(i.timer_disable) for timer_disable
    gd32c10x_hw.o(i.hw_delay) refers to gd32c10x_hw.o(.data) for delay_time
    gd32c10x_hw.o(i.hw_time_set) refers to gd32c10x_timer.o(i.timer_disable) for timer_disable
    gd32c10x_hw.o(i.hw_time_set) refers to gd32c10x_timer.o(i.timer_interrupt_disable) for timer_interrupt_disable
    gd32c10x_hw.o(i.hw_time_set) refers to gd32c10x_timer.o(i.timer_init) for timer_init
    gd32c10x_hw.o(i.hw_time_set) refers to gd32c10x_timer.o(i.timer_interrupt_flag_clear) for timer_interrupt_flag_clear
    gd32c10x_hw.o(i.hw_time_set) refers to gd32c10x_timer.o(i.timer_auto_reload_shadow_enable) for timer_auto_reload_shadow_enable
    gd32c10x_hw.o(i.hw_time_set) refers to gd32c10x_timer.o(i.timer_interrupt_enable) for timer_interrupt_enable
    gd32c10x_hw.o(i.hw_time_set) refers to gd32c10x_timer.o(i.timer_enable) for timer_enable
    gd32c10x_hw.o(i.hw_time_set) refers to gd32c10x_hw.o(.data) for timer_prescaler
    gd32c10x_hw.o(i.usb_intr_config) refers to gd32c10x_misc.o(i.nvic_priority_group_set) for nvic_priority_group_set
    gd32c10x_hw.o(i.usb_intr_config) refers to gd32c10x_misc.o(i.nvic_irq_enable) for nvic_irq_enable
    gd32c10x_hw.o(i.usb_intr_config) refers to gd32c10x_rcu.o(i.rcu_periph_clock_enable) for rcu_periph_clock_enable
    gd32c10x_hw.o(i.usb_intr_config) refers to gd32c10x_exti.o(i.exti_interrupt_flag_clear) for exti_interrupt_flag_clear
    gd32c10x_hw.o(i.usb_intr_config) refers to gd32c10x_exti.o(i.exti_init) for exti_init
    gd32c10x_hw.o(i.usb_intr_config) refers to gd32c10x_exti.o(i.exti_interrupt_enable) for exti_interrupt_enable
    gd32c10x_hw.o(i.usb_mdelay) refers to gd32c10x_hw.o(i.hw_delay) for hw_delay
    gd32c10x_hw.o(i.usb_rcu_config) refers to gd32c10x_rcu.o(i.rcu_clock_freq_get) for rcu_clock_freq_get
    gd32c10x_hw.o(i.usb_rcu_config) refers to gd32c10x_rcu.o(i.rcu_osci_on) for rcu_osci_on
    gd32c10x_hw.o(i.usb_rcu_config) refers to gd32c10x_rcu.o(i.rcu_osci_stab_wait) for rcu_osci_stab_wait
    gd32c10x_hw.o(i.usb_rcu_config) refers to gd32c10x_rcu.o(i.rcu_ck48m_clock_config) for rcu_ck48m_clock_config
    gd32c10x_hw.o(i.usb_rcu_config) refers to gd32c10x_rcu.o(i.rcu_periph_clock_enable) for rcu_periph_clock_enable
    gd32c10x_hw.o(i.usb_rcu_config) refers to gd32c10x_hw.o(.data) for timer_prescaler
    gd32c10x_hw.o(i.usb_timer_init) refers to gd32c10x_misc.o(i.nvic_vector_table_set) for nvic_vector_table_set
[...]
    i.gpio_bit_reset                         0x08001f98   Section        0  gd32c10x_gpio.o(i.gpio_bit_reset)
    i.gpio_bit_set                           0x08001f9c   Section        0  gd32c10x_gpio.o(i.gpio_bit_set)
    i.gpio_init                              0x08001fa0   Section        0  gd32c10x_gpio.o(i.gpio_init)
    i.gpio_input_bit_get                     0x0800205c   Section        0  gd32c10x_gpio.o(i.gpio_input_bit_get)
    i.hw_delay                               0x0800206c   Section        0  gd32c10x_hw.o(i.hw_delay)
    hw_delay                                 0x0800206d   Thumb Code    34  gd32c10x_hw.o(i.hw_delay)
    i.hw_time_set                            0x08002098   Section        0  gd32c10x_hw.o(i.hw_time_set)
    hw_time_set                              0x08002099   Thumb Code   102  gd32c10x_hw.o(i.hw_time_set)
    i.int_to_unicode                         0x08002108   Section        0  usbd_enum.o(i.int_to_unicode)
    i.main                                   0x08002144   Section        0  app.o(i.main)
    i.nvic_irq_enable                        0x08002220   Section        0  gd32c10x_misc.o(i.nvic_irq_enable)
    i.nvic_priority_group_set                0x080022cc   Section        0  gd32c10x_misc.o(i.nvic_priority_group_set)
    i.nvic_vector_table_set                  0x080022e0   Section        0  gd32c10x_misc.o(i.nvic_vector_table_set)
    i.pmu_to_deepsleepmode                   0x080022f8   Section        0  gd32c10x_pmu.o(i.pmu_to_deepsleepmode)
    i.rcu_adc_clock_config                   0x080023bc   Section        0  gd32c10x_rcu.o(i.rcu_adc_clock_config)
    i.rcu_ck48m_clock_config                 0x08002428   Section        0  gd32c10x_rcu.o(i.rcu_ck48m_clock_config)
    i.rcu_clock_freq_get                     0x08002444   Section        0  gd32c10x_rcu.o(i.rcu_clock_freq_get)
    i.rcu_flag_get                           0x080025c4   Section        0  gd32c10x_rcu.o(i.rcu_flag_get)
    i.rcu_osci_on                            0x080025e8   Section        0  gd32c10x_rcu.o(i.rcu_osci_on)
    i.rcu_osci_stab_wait                     0x08002608   Section        0  gd32c10x_rcu.o(i.rcu_osci_stab_wait)
    i.rcu_periph_clock_enable                0x08002764   Section        0  gd32c10x_rcu.o(i.rcu_periph_clock_enable)
    i.rcu_periph_reset_disable               0x08002784   Section        0  gd32c10x_rcu.o(i.rcu_periph_reset_disable)
    i.rcu_periph_reset_enable                0x080027a4   Section        0  gd32c10x_rcu.o(i.rcu_periph_reset_enable)
    i.rcu_usb_clock_config                   0x080027c4   Section        0  gd32c10x_rcu.o(i.rcu_usb_clock_config)
    i.serial_string_get                      0x080027dc   Section        0  usbd_enum.o(i.serial_string_get)
    i.system_clock_120m_hxtal                0x08002828   Section        0  system_gd32c10x.o(i.system_clock_120m_hxtal)
    system_clock_120m_hxtal                  0x08002829   Thumb Code   226  system_gd32c10x.o(i.system_clock_120m_hxtal)
    i.system_clock_config                    0x08002924   Section        0  system_gd32c10x.o(i.system_clock_config)
    system_clock_config                      0x08002925   Thumb Code     8  system_gd32c10x.o(i.system_clock_config)
    i.timer_auto_reload_shadow_enable        0x0800292c   Section        0  gd32c10x_timer.o(i.timer_auto_reload_shadow_enable)
    i.timer_channel_capture_value_register_read 0x08002936   Section        0  gd32c10x_timer.o(i.timer_channel_capture_value_register_read)
    i.timer_channel_output_polarity_config   0x08002960   Section        0  gd32c10x_timer.o(i.timer_channel_output_polarity_config)
    i.timer_counter_read                     0x080029bc   Section        0  gd32c10x_timer.o(i.timer_counter_read)
    i.timer_counter_value_config             0x080029c4   Section        0  gd32c10x_timer.o(i.timer_counter_value_config)
    i.timer_deinit                           0x080029c8   Section        0  gd32c10x_timer.o(i.timer_deinit)
    i.timer_disable                          0x08002b4c   Section        0  gd32c10x_timer.o(i.timer_disable)
    i.timer_enable                           0x08002b56   Section        0  gd32c10x_timer.o(i.timer_enable)
    i.timer_init                             0x08002b60   Section        0  gd32c10x_timer.o(i.timer_init)
    i.timer_interrupt_disable                0x08002c04   Section        0  gd32c10x_timer.o(i.timer_interrupt_disable)
    i.timer_interrupt_enable                 0x08002c0c   Section        0  gd32c10x_timer.o(i.timer_interrupt_enable)
    i.timer_interrupt_flag_clear             0x08002c14   Section        0  gd32c10x_timer.o(i.timer_interrupt_flag_clear)
    i.timer_interrupt_flag_get               0x08002c1a   Section        0  gd32c10x_timer.o(i.timer_interrupt_flag_get)
    i.timer_struct_para_init                 0x08002c32   Section        0  gd32c10x_timer.o(i.timer_struct_para_init)
    i.usart_baudrate_set                     0x08002c48   Section        0  gd32c10x_usart.o(i.usart_baudrate_set)
    i.usart_data_receive                     0x08002cd8   Section        0  gd32c10x_usart.o(i.usart_data_receive)
    i.usart_data_transmit                    0x08002ce2   Section        0  gd32c10x_usart.o(i.usart_data_transmit)
    i.usart_enable                           0x08002cea   Section        0  gd32c10x_usart.o(i.usart_enable)
    i.usart_flag_get                         0x08002cf4   Section        0  gd32c10x_usart.o(i.usart_flag_get)
    i.usart_interrupt_disable                0x08002d12   Section        0  gd32c10x_usart.o(i.usart_interrupt_disable)
    i.usart_interrupt_enable                 0x08002d2c   Section        0  gd32c10x_usart.o(i.usart_interrupt_enable)
    i.usart_interrupt_flag_clear             0x08002d46   Section        0  gd32c10x_usart.o(i.usart_interrupt_flag_clear)
    i.usart_interrupt_flag_get               0x08002d60   Section        0  gd32c10x_usart.o(i.usart_interrupt_flag_get)
    i.usart_receive_config                   0x08002d98   Section        0  gd32c10x_usart.o(i.usart_receive_config)
    i.usart_stop_bit_set                     0x08002da8   Section        0  gd32c10x_usart.o(i.usart_stop_bit_set)
    i.usart_transmit_config                  0x08002db8   Section        0  gd32c10x_usart.o(i.usart_transmit_config)
    i.usart_word_length_set                  0x08002dc8   Section        0  gd32c10x_usart.o(i.usart_word_length_set)
    i.usb_basic_init                         0x08002dd8   Section        0  drv_usb_core.o(i.usb_basic_init)
    i.usb_clock_active                       0x08002eb2   Section        0  drv_usb_dev.o(i.usb_clock_active)
    i.usb_core_init                          0x08002ed4   Section        0  drv_usb_core.o(i.usb_core_init)
    i.usb_core_reset                         0x08002f8c   Section        0  drv_usb_core.o(i.usb_core_reset)
    usb_core_reset                           0x08002f8d   Thumb Code    38  drv_usb_core.o(i.usb_core_reset)
    i.usb_ctlep_startout                     0x08002fb4   Section        0  drv_usb_dev.o(i.usb_ctlep_startout)
    i.usb_curmode_set                        0x08002fdc   Section        0  drv_usb_core.o(i.usb_curmode_set)
    i.usb_devcore_init                       0x0800300c   Section        0  drv_usb_dev.o(i.usb_devcore_init)
    i.usb_devint_enable                      0x0800315c   Section        0  drv_usb_dev.o(i.usb_devint_enable)
    i.usb_iepintr_read                       0x0800319c   Section        0  drv_usb_dev.o(i.usb_iepintr_read)
    i.usb_intr_config                        0x080031c6   Section        0  gd32c10x_hw.o(i.usb_intr_config)
    i.usb_mdelay                             0x0800320a   Section        0  gd32c10x_hw.o(i.usb_mdelay)
    i.usb_rcu_config                         0x08003218   Section        0  gd32c10x_hw.o(i.usb_rcu_config)
    i.usb_rxfifo_flush                       0x080032b4   Section        0  drv_usb_core.o(i.usb_rxfifo_flush)
    i.usb_rxfifo_read                        0x080032d6   Section        0  drv_usb_core.o(i.usb_rxfifo_read)
    i.usb_set_txfifo                         0x080032f4   Section        0  drv_usb_core.o(i.usb_set_txfifo)
    i.usb_timer_init                         0x0800333c   Section        0  gd32c10x_hw.o(i.usb_timer_init)
    i.usb_timer_irq                          0x08003364   Section        0  gd32c10x_hw.o(i.usb_timer_irq)
    i.usb_transc_active                      0x0800339c   Section        0  drv_usb_dev.o(i.usb_transc_active)
    i.usb_transc_clrstall                    0x08003434   Section        0  drv_usb_dev.o(i.usb_transc_clrstall)
    i.usb_transc_deactivate                  0x08003478   Section        0  drv_usb_dev.o(i.usb_transc_deactivate)
    i.usb_transc_inxfer                      0x080034dc   Section        0  drv_usb_dev.o(i.usb_transc_inxfer)
    i.usb_transc_outxfer                     0x080035e8   Section        0  drv_usb_dev.o(i.usb_transc_outxfer)
    i.usb_transc_stall                       0x08003678   Section        0  drv_usb_dev.o(i.usb_transc_stall)
    i.usb_txfifo_flush                       0x080036ba   Section        0  drv_usb_core.o(i.usb_txfifo_flush)
    i.usb_txfifo_write                       0x080036e2   Section        0  drv_usb_core.o(i.usb_txfifo_write)
    i.usb_udelay                             0x08003704   Section        0  gd32c10x_hw.o(i.usb_udelay)
    i.usbd_class_request                     0x08003712   Section        0  usbd_enum.o(i.usbd_class_request)
    i.usbd_connect                           0x08003738   Section        0  usbd_core.o(i.usbd_connect)
    i.usbd_ctl_recev                         0x08003754   Section        0  usbd_transc.o(i.usbd_ctl_recev)
    i.usbd_ctl_send                          0x08003782   Section        0  usbd_transc.o(i.usbd_ctl_send)
    i.usbd_ctl_status_recev                  0x080037b0   Section        0  usbd_transc.o(i.usbd_ctl_status_recev)
    i.usbd_ctl_status_send                   0x080037d0   Section        0  usbd_transc.o(i.usbd_ctl_status_send)
    i.usbd_disconnect                        0x080037f0   Section        0  usbd_core.o(i.usbd_disconnect)
    i.usbd_emptytxfifo_write                 0x0800380c   Section        0  drv_usbd_int.o(i.usbd_emptytxfifo_write)
    usbd_emptytxfifo_write                   0x0800380d   Thumb Code   140  drv_usbd_int.o(i.usbd_emptytxfifo_write)
    i.usbd_enum_error                        0x08003898   Section        0  usbd_enum.o(i.usbd_enum_error)
    i.usbd_ep_clear                          0x080038b6   Section        0  usbd_core.o(i.usbd_ep_clear)
    i.usbd_ep_recev                          0x080038ea   Section        0  usbd_core.o(i.usbd_ep_recev)
    i.usbd_ep_send                           0x08003926   Section        0  usbd_core.o(i.usbd_ep_send)
    i.usbd_ep_setup                          0x08003964   Section        0  usbd_core.o(i.usbd_ep_setup)
    i.usbd_ep_stall                          0x080039d4   Section        0  usbd_core.o(i.usbd_ep_stall)
    i.usbd_ep_stall_clear                    0x08003a0e   Section        0  usbd_core.o(i.usbd_ep_stall_clear)
    i.usbd_in_transc                         0x08003a48   Section        0  usbd_transc.o(i.usbd_in_transc)
    i.usbd_init                              0x08003ae8   Section        0  usbd_core.o(i.usbd_init)
    i.usbd_int_enumfinish                    0x08003b64   Section        0  drv_usbd_int.o(i.usbd_int_enumfinish)
    usbd_int_enumfinish                      0x08003b65   Thumb Code    98  drv_usbd_int.o(i.usbd_int_enumfinish)
    i.usbd_int_epin                          0x08003bcc   Section        0  drv_usbd_int.o(i.usbd_int_epin)
    usbd_int_epin                            0x08003bcd   Thumb Code   138  drv_usbd_int.o(i.usbd_int_epin)
    i.usbd_int_epout                         0x08003c56   Section        0  drv_usbd_int.o(i.usbd_int_epout)
    usbd_int_epout                           0x08003c57   Thumb Code   206  drv_usbd_int.o(i.usbd_int_epout)
    i.usbd_int_reset                         0x08003d24   Section        0  drv_usbd_int.o(i.usbd_int_reset)
    usbd_int_reset                           0x08003d25   Thumb Code   208  drv_usbd_int.o(i.usbd_int_reset)
    i.usbd_int_rxfifo                        0x08003dfc   Section        0  drv_usbd_int.o(i.usbd_int_rxfifo)
    usbd_int_rxfifo                          0x08003dfd   Thumb Code   178  drv_usbd_int.o(i.usbd_int_rxfifo)
    i.usbd_int_suspend                       0x08003eae   Section        0  drv_usbd_int.o(i.usbd_int_suspend)
    usbd_int_suspend                         0x08003eaf   Thumb Code   102  drv_usbd_int.o(i.usbd_int_suspend)
    i.usbd_isr                               0x08003f14   Section        0  drv_usbd_int.o(i.usbd_isr)
    i.usbd_out_transc                        0x08003ff2   Section        0  usbd_transc.o(i.usbd_out_transc)
    i.usbd_setup_transc                      0x08004076   Section        0  usbd_transc.o(i.usbd_setup_transc)
    i.usbd_standard_request                  0x080040fc   Section        0  usbd_enum.o(i.usbd_standard_request)
    i.usbd_vendor_request                    0x08004118   Section        0  usbd_enum.o(i.usbd_vendor_request)
    x$fpl$fpinit                             0x0800411e   Section       10  fpinit.o(x$fpl$fpinit)
    $v0                                      0x0800411e   Number         0  fpinit.o(x$fpl$fpinit)
    .constdata                               0x08004128   Section       32  app.o(.constdata)
    .constdata                               0x08004148   Section      216  gd32c10x_can.o(.constdata)
    timing_pts                               0x08004150   Data         184  gd32c10x_can.o(.constdata)
    .constdata                               0x08004220   Section        4  drv_usb_dev.o(.constdata)
    EP0_MAXLEN                               0x08004220   Data           4  drv_usb_dev.o(.constdata)
    .constdata                               0x08004224   Section       60  drv_usbd_int.o(.constdata)
    USB_SPEED                                0x08004224   Data           4  drv_usbd_int.o(.constdata)
    <Data1>                                  0x08004228   Data          28  drv_usbd_int.o(.constdata)
    <Data2>                                  0x08004244   Data          28  drv_usbd_int.o(.constdata)
    .constdata                               0x08004260   Section       16  usbd_core.o(.constdata)
    .constdata                               0x08004270   Section      375  cdc_acm_core.o(.constdata)
    usbd_language_id_desc                    0x080042c5   Data           4  cdc_acm_core.o(.constdata)
    manufacturer_string                      0x080042c9   Data         130  cdc_acm_core.o(.constdata)
    product_string                           0x0800434b   Data         130  cdc_acm_core.o(.constdata)
    .data                                    0x20000000   Section       12  gd32c10x_hw.o(.data)
    .data                                    0x2000000c   Section        1  gd32c10x_it.o(.data)
    Old_val1                                 0x2000000c   Data           1  gd32c10x_it.o(.data)
    .data                                    0x2000000e   Section        8  drv_usb_dev.o(.data)
    USBFS_TX_FIFO_SIZE                       0x2000000e   Data           8  drv_usb_dev.o(.data)
    .data                                    0x20000018   Section       67  usbd_enum.o(.data)
    _std_dev_req                             0x20000018   Data          52  usbd_enum.o(.data)
    std_desc_get                             0x2000004c   Data          12  usbd_enum.o(.data)
    status                                   0x20000058   Data           2  usbd_enum.o(.data)
    config                                   0x2000005a   Data           1  usbd_enum.o(.data)
    .data                                    0x2000005c   Section      216  cdc_acm_core.o(.data)
    serial_string                            0x20000071   Data         130  cdc_acm_core.o(.data)
    .data                                    0x20000134   Section       71  bsp.o(.data)
    .bss                                     0x2000017c   Section     1084  app.o(.bss)
    .bss                                     0x200005b8   Section       16  gd32c10x_pmu.o(.bss)
    reg_snap                                 0x200005b8   Data          16  gd32c10x_pmu.o(.bss)
    .bss                                     0x200005c8   Section      100  cdc_acm_core.o(.bss)
    cdc_handler                              0x200005d4   Data          88  cdc_acm_core.o(.bss)
    .bss                                     0x2000062c   Section    16360  bsp.o(.bss)
    .bss                                     0x20004614   Section       96  libspace.o(.bss)
    HEAP                                     0x20004678   Section     1024  startup_gd32c10x.o(HEAP)
    Heap_Mem                                 0x20004678   Data        1024  startup_gd32c10x.o(HEAP)
    STACK                                    0x20004a78   Section     1024  startup_gd32c10x.o(STACK)
    Stack_Mem                                0x20004a78   Data        1024  startup_gd32c10x.o(STACK)
    __initial_sp                             0x20004e78   Data           0  startup_gd32c10x.o(STACK)

    Global Symbols

    Symbol Name                              Value     Ov Type        Size  Object(Section)

    BuildAttributes$$THM_ISAv4$E$P$D$K$B$S$7EM$VFPi3$EXTD16$VFPS$VFMA$PE$A:L22UL41UL21$X:L11$S22US41US21$IEEE1$IW$USESV6$~STKCKD$USESV7$~SHL$OSPACE$ROPI$EBA8$UX$STANDARDLIB$REQ8$PRES8$EABIv2 0x00000000   Number         0  anon$$obj.o ABSOLUTE
    __ARM_use_no_argv                        0x00000000   Number         0  app.o ABSOLUTE
    __ARM_exceptions_init                     - Undefined Weak Reference
    __alloca_initialize                       - Undefined Weak Reference
    __arm_preinit_                            - Undefined Weak Reference
    __cpp_initialize__aeabi_                  - Undefined Weak Reference
    __cxa_finalize                            - Undefined Weak Reference
    __rt_locale                               - Undefined Weak Reference
    __sigvec_lookup                           - Undefined Weak Reference
    _atexit_init                              - Undefined Weak Reference
    _call_atexit_fns                          - Undefined Weak Reference
    _clock_init                               - Undefined Weak Reference
    _fp_trap_init                             - Undefined Weak Reference
    _fp_trap_shutdown                         - Undefined Weak Reference
    _get_lc_collate                           - Undefined Weak Reference
    _get_lc_ctype                             - Undefined Weak Reference
    _get_lc_monetary                          - Undefined Weak Reference
    _get_lc_numeric                           - Undefined Weak Reference
    _get_lc_time                              - Undefined Weak Reference
    _getenv_init                              - Undefined Weak Reference
    _handle_redirection                       - Undefined Weak Reference
    _init_alloc                               - Undefined Weak Reference
    _init_user_alloc                          - Undefined Weak Reference
    _initio                                   - Undefined Weak Reference
    _rand_init                                - Undefined Weak Reference
    _signal_finish                            - Undefined Weak Reference
    _signal_init                              - Undefined Weak Reference
    _terminate_alloc                          - Undefined Weak Reference
    _terminate_user_alloc                     - Undefined Weak Reference
    _terminateio                              - Undefined Weak Reference
    __Vectors_Size                           0x00000150   Number         0  startup_gd32c10x.o ABSOLUTE
    __Vectors                                0x08000000   Data           4  startup_gd32c10x.o(RESET)
    __Vectors_End                            0x08000150   Data           0  startup_gd32c10x.o(RESET)
    __main                                   0x08000151   Thumb Code     8  __main.o(!!!main)
    __scatterload                            0x08000159   Thumb Code     0  __scatter.o(!!!scatter)
    __scatterload_rt2                        0x08000159   Thumb Code    44  __scatter.o(!!!scatter)
    __scatterload_rt2_thumb_only             0x08000159   Thumb Code     0  __scatter.o(!!!scatter)
    __scatterload_null                       0x08000167   Thumb Code     0  __scatter.o(!!!scatter)
    __decompress                             0x0800018d   Thumb Code    90  __dczerorl2.o(!!dczerorl2)
    __decompress1                            0x0800018d   Thumb Code     0  __dczerorl2.o(!!dczerorl2)
    __scatterload_zeroinit                   0x080001e9   Thumb Code    28  __scatter_zi.o(!!handler_zi)
    __rt_lib_init                            0x08000205   Thumb Code     0  libinit.o(.ARM.Collect$$libinit$$00000000)
    __rt_lib_init_fp_1                       0x08000207   Thumb Code     0  libinit2.o(.ARM.Collect$$libinit$$00000001)
    __rt_lib_init_alloca_1                   0x0800020b   Thumb Code     0  libinit2.o(.ARM.Collect$$libinit$$0000002E)
    __rt_lib_init_argv_1                     0x0800020b   Thumb Code     0  libinit2.o(.ARM.Collect$$libinit$$0000002C)
    __rt_lib_init_atexit_1                   0x0800020b   Thumb Code     0  libinit2.o(.ARM.Collect$$libinit$$0000001B)
    __rt_lib_init_clock_1                    0x0800020b   Thumb Code     0  libinit2.o(.ARM.Collect$$libinit$$00000021)
    __rt_lib_init_cpp_1                      0x0800020b   Thumb Code     0  libinit2.o(.ARM.Collect$$libinit$$00000032)
    __rt_lib_init_exceptions_1               0x0800020b   Thumb Code     0  libinit2.o(.ARM.Collect$$libinit$$00000030)
    __rt_lib_init_fp_trap_1                  0x0800020b   Thumb Code     0  libinit2.o(.ARM.Collect$$libinit$$0000001F)
    __rt_lib_init_getenv_1                   0x0800020b   Thumb Code     0  libinit2.o(.ARM.Collect$$libinit$$00000023)
    __rt_lib_init_heap_1                     0x0800020b   Thumb Code     0  libinit2.o(.ARM.Collect$$libinit$$0000000A)
    __rt_lib_init_lc_collate_1               0x0800020b   Thumb Code     0  libinit2.o(.ARM.Collect$$libinit$$00000011)
    __rt_lib_init_lc_ctype_1                 0x0800020b   Thumb Code     0  libinit2.o(.ARM.Collect$$libinit$$00000013)
    __rt_lib_init_lc_monetary_1              0x0800020b   Thumb Code     0  libinit2.o(.ARM.Collect$$libinit$$00000015)
    __rt_lib_init_lc_numeric_1               0x0800020b   Thumb Code     0  libinit2.o(.ARM.Collect$$libinit$$00000017)
    __rt_lib_init_lc_time_1                  0x0800020b   Thumb Code     0  libinit2.o(.ARM.Collect$$libinit$$00000019)
    __rt_lib_init_preinit_1                  0x0800020b   Thumb Code     0  libinit2.o(.ARM.Collect$$libinit$$00000004)
    __rt_lib_init_rand_1                     0x0800020b   Thumb Code     0  libinit2.o(.ARM.Collect$$libinit$$0000000E)
    __rt_lib_init_return                     0x0800020b   Thumb Code     0  libinit2.o(.ARM.Collect$$libinit$$00000033)
    __rt_lib_init_signal_1                   0x0800020b   Thumb Code     0  libinit2.o(.ARM.Collect$$libinit$$0000001D)
    __rt_lib_init_stdio_1                    0x0800020b   Thumb Code     0  libinit2.o(.ARM.Collect$$libinit$$00000025)
    __rt_lib_init_user_alloc_1               0x0800020b   Thumb Code     0  libinit2.o(.ARM.Collect$$libinit$$0000000C)
    __rt_lib_shutdown                        0x0800020d   Thumb Code     0  libshutdown.o(.ARM.Collect$$libshutdown$$00000000)
    __rt_lib_shutdown_cpp_1                  0x0800020f   Thumb Code     0  libshutdown2.o(.ARM.Collect$$libshutdown$$00000002)
    __rt_lib_shutdown_fp_trap_1              0x0800020f   Thumb Code     0  libshutdown2.o(.ARM.Collect$$libshutdown$$00000007)
    __rt_lib_shutdown_heap_1                 0x0800020f   Thumb Code     0  libshutdown2.o(.ARM.Collect$$libshutdown$$0000000F)
    __rt_lib_shutdown_return                 0x0800020f   Thumb Code     0  libshutdown2.o(.ARM.Collect$$libshutdown$$00000010)
    __rt_lib_shutdown_signal_1               0x0800020f   Thumb Code     0  libshutdown2.o(.ARM.Collect$$libshutdown$$0000000A)
    __rt_lib_shutdown_stdio_1                0x0800020f   Thumb Code     0  libshutdown2.o(.ARM.Collect$$libshutdown$$00000004)
    __rt_lib_shutdown_user_alloc_1           0x0800020f   Thumb Code     0  libshutdown2.o(.ARM.Collect$$libshutdown$$0000000C)
    __rt_entry                               0x08000211   Thumb Code     0  __rtentry.o(.ARM.Collect$$rtentry$$00000000)
    __rt_entry_presh_1                       0x08000211   Thumb Code     0  __rtentry2.o(.ARM.Collect$$rtentry$$00000002)
    __rt_entry_sh                            0x08000211   Thumb Code     0  __rtentry4.o(.ARM.Collect$$rtentry$$00000004)
    __rt_entry_li                            0x08000217   Thumb Code     0  __rtentry2.o(.ARM.Collect$$rtentry$$0000000A)
    __rt_entry_postsh_1                      0x08000217   Thumb Code     0  __rtentry2.o(.ARM.Collect$$rtentry$$00000009)
    __rt_entry_main                          0x0800021b   Thumb Code     0  __rtentry2.o(.ARM.Collect$$rtentry$$0000000D)
    __rt_entry_postli_1                      0x0800021b   Thumb Code     0  __rtentry2.o(.ARM.Collect$$rtentry$$0000000C)
    __rt_exit                                0x08000223   Thumb Code     0  rtexit.o(.ARM.Collect$$rtexit$$00000000)
    __rt_exit_ls                             0x08000225   Thumb Code     0  rtexit2.o(.ARM.Collect$$rtexit$$00000003)
    __rt_exit_prels_1                        0x08000225   Thumb Code     0  rtexit2.o(.ARM.Collect$$rtexit$$00000002)
    __rt_exit_exit                           0x08000229   Thumb Code     0  rtexit2.o(.ARM.Collect$$rtexit$$00000004)
    Reset_Handler                            0x08000231   Thumb Code     8  startup_gd32c10x.o(.text)
    ADC0_1_IRQHandler                        0x0800024b   Thumb Code     0  startup_gd32c10x.o(.text)
    CAN0_EWMC_IRQHandler                     0x0800024b   Thumb Code     0  startup_gd32c10x.o(.text)
    CAN0_RX1_IRQHandler                      0x0800024b   Thumb Code     0  startup_gd32c10x.o(.text)
    CAN0_TX_IRQHandler                       0x0800024b   Thumb Code     0  startup_gd32c10x.o(.text)
    CAN1_EWMC_IRQHandler                     0x0800024b   Thumb Code     0  startup_gd32c10x.o(.text)
    CAN1_RX1_IRQHandler                      0x0800024b   Thumb Code     0  startup_gd32c10x.o(.text)
    CAN1_TX_IRQHandler                       0x0800024b   Thumb Code     0  startup_gd32c10x.o(.text)
    DMA0_Channel0_IRQHandler                 0x0800024b   Thumb Code     0  startup_gd32c10x.o(.text)
    DMA0_Channel1_IRQHandler                 0x0800024b   Thumb Code     0  startup_gd32c10x.o(.text)
    DMA0_Channel2_IRQHandler                 0x0800024b   Thumb Code     0  startup_gd32c10x.o(.text)
    DMA0_Channel3_IRQHandler                 0x0800024b   Thumb Code     0  startup_gd32c10x.o(.text)
    DMA0_Channel4_IRQHandler                 0x0800024b   Thumb Code     0  startup_gd32c10x.o(.text)
    DMA0_Channel5_IRQHandler                 0x0800024b   Thumb Code     0  startup_gd32c10x.o(.text)
    DMA0_Channel6_IRQHandler                 0x0800024b   Thumb Code     0  startup_gd32c10x.o(.text)
    DMA1_Channel0_IRQHandler                 0x0800024b   Thumb Code     0  startup_gd32c10x.o(.text)
    DMA1_Channel1_IRQHandler                 0x0800024b   Thumb Code     0  startup_gd32c10x.o(.text)
    DMA1_Channel2_IRQHandler                 0x0800024b   Thumb Code     0  startup_gd32c10x.o(.text)
    DMA1_Channel3_IRQHandler                 0x0800024b   Thumb Code     0  startup_gd32c10x.o(.text)
    DMA1_Channel4_IRQHandler                 0x0800024b   Thumb Code     0  startup_gd32c10x.o(.text)
    EXMC_IRQHandler                          0x0800024b   Thumb Code     0  startup_gd32c10x.o(.text)
    EXTI0_IRQHandler                         0x0800024b   Thumb Code     0  startup_gd32c10x.o(.text)
    EXTI1_IRQHandler                         0x0800024b   Thumb Code     0  startup_gd32c10x.o(.text)
    EXTI2_IRQHandler                         0x0800024b   Thumb Code     0  startup_gd32c10x.o(.text)
    EXTI3_IRQHandler                         0x0800024b   Thumb Code     0  startup_gd32c10x.o(.text)
    EXTI4_IRQHandler                         0x0800024b   Thumb Code     0  startup_gd32c10x.o(.text)
    EXTI5_9_IRQHandler                       0x0800024b   Thumb Code     0  startup_gd32c10x.o(.text)
    FMC_IRQHandler                           0x0800024b   Thumb Code     0  startup_gd32c10x.o(.text)
    I2C0_ER_IRQHandler                       0x0800024b   Thumb Code     0  startup_gd32c10x.o(.text)
    I2C0_EV_IRQHandler                       0x0800024b   Thumb Code     0  startup_gd32c10x.o(.text)
    I2C1_ER_IRQHandler                       0x0800024b   Thumb Code     0  startup_gd32c10x.o(.text)
    I2C1_EV_IRQHandler                       0x0800024b   Thumb Code     0  startup_gd32c10x.o(.text)
    LVD_IRQHandler                           0x0800024b   Thumb Code     0  startup_gd32c10x.o(.text)
    RCU_CTC_IRQHandler                       0x0800024b   Thumb Code     0  startup_gd32c10x.o(.text)
    RTC_Alarm_IRQHandler                     0x0800024b   Thumb Code     0  startup_gd32c10x.o(.text)
    RTC_IRQHandler                           0x0800024b   Thumb Code     0  startup_gd32c10x.o(.text)
    SPI0_IRQHandler                          0x0800024b   Thumb Code     0  startup_gd32c10x.o(.text)
    SPI1_IRQHandler                          0x0800024b   Thumb Code     0  startup_gd32c10x.o(.text)
    SPI2_IRQHandler                          0x0800024b   Thumb Code     0  startup_gd32c10x.o(.text)
    TAMPER_IRQHandler                        0x0800024b   Thumb Code     0  startup_gd32c10x.o(.text)
    TIMER0_Channel_IRQHandler                0x0800024b   Thumb Code     0  startup_gd32c10x.o(.text)
    TIMER0_TRG_CMT_TIMER10_IRQHandler        0x0800024b   Thumb Code     0  startup_gd32c10x.o(.text)
    TIMER0_UP_TIMER9_IRQHandler              0x0800024b   Thumb Code     0  startup_gd32c10x.o(.text)
    TIMER3_IRQHandler                        0x0800024b   Thumb Code     0  startup_gd32c10x.o(.text)
    TIMER4_IRQHandler                        0x0800024b   Thumb Code     0  startup_gd32c10x.o(.text)
    TIMER7_BRK_TIMER11_IRQHandler            0x0800024b   Thumb Code     0  startup_gd32c10x.o(.text)
    TIMER7_Channel_IRQHandler                0x0800024b   Thumb Code     0  startup_gd32c10x.o(.text)
    TIMER7_TRG_CMT_TIMER13_IRQHandler        0x0800024b   Thumb Code     0  startup_gd32c10x.o(.text)
    TIMER7_UP_TIMER12_IRQHandler             0x0800024b   Thumb Code     0  startup_gd32c10x.o(.text)
    UART3_IRQHandler                         0x0800024b   Thumb Code     0  startup_gd32c10x.o(.text)
    UART4_IRQHandler                         0x0800024b   Thumb Code     0  startup_gd32c10x.o(.text)
    USART0_IRQHandler                        0x0800024b   Thumb Code     0  startup_gd32c10x.o(.text)
    USART2_IRQHandler                        0x0800024b   Thumb Code     0  startup_gd32c10x.o(.text)
    WWDGT_IRQHandler                         0x0800024b   Thumb Code     0  startup_gd32c10x.o(.text)
    __user_initial_stackheap                 0x0800024d   Thumb Code    10  startup_gd32c10x.o(.text)
    __aeabi_memcpy                           0x08000271   Thumb Code     0  rt_memcpy_v6.o(.text)
    __rt_memcpy                              0x08000271   Thumb Code   138  rt_memcpy_v6.o(.text)
    _memcpy_lastbytes                        0x080002d7   Thumb Code     0  rt_memcpy_v6.o(.text)
    __aeabi_memcpy4                          0x080002fb   Thumb Code     0  rt_memcpy_w.o(.text)
    __aeabi_memcpy8                          0x080002fb   Thumb Code     0  rt_memcpy_w.o(.text)
    __rt_memcpy_w                            0x080002fb   Thumb Code   100  rt_memcpy_w.o(.text)
    _memcpy_lastbytes_aligned                0x08000343   Thumb Code     0  rt_memcpy_w.o(.text)
    __aeabi_memclr4                          0x0800035f   Thumb Code     0  rt_memclr_w.o(.text)
    __aeabi_memclr8                          0x0800035f   Thumb Code     0  rt_memclr_w.o(.text)
    __rt_memclr_w                            0x0800035f   Thumb Code    78  rt_memclr_w.o(.text)
    _memset_w                                0x08000363   Thumb Code     0  rt_memclr_w.o(.text)
    __use_two_region_memory                  0x080003ad   Thumb Code     2  heapauxi.o(.text)
    __rt_heap_escrow$2region                 0x080003af   Thumb Code     2  heapauxi.o(.text)
    __rt_heap_expand$2region                 0x080003b1   Thumb Code     2  heapauxi.o(.text)
    __user_setup_stackheap                   0x080003b3   Thumb Code    74  sys_stackheap_outer.o(.text)
    exit                                     0x080003fd   Thumb Code    18  exit.o(.text)
    __user_libspace                          0x08000411   Thumb Code     8  libspace.o(.text)
    __user_perproc_libspace                  0x08000411   Thumb Code     0  libspace.o(.text)
    __user_perthread_libspace                0x08000411   Thumb Code     0  libspace.o(.text)
    _sys_exit                                0x08000419   Thumb Code     8  sys_exit.o(.text)
    __I$use$semihosting                      0x08000425   Thumb Code     0  use_no_semi.o(.text)
    __use_no_semihosting_swi                 0x08000425   Thumb Code     2  use_no_semi.o(.text)
    __semihosting_library_function           0x08000427   Thumb Code     0  indicate_semi.o(.text)
    Adc_Init                                 0x08000429   Thumb Code   110  bsp.o(i.Adc_Init)
    AddrWakeUpOneEx                          0x080004a1   Thumb Code   128  usart.o(i.AddrWakeUpOneEx)
    BusFault_Handler                         0x08000525   Thumb Code     4  gd32c10x_it.o(i.BusFault_Handler)
    CAN0_RX0_IRQHandler                      0x08000529   Thumb Code    22  gd32c10x_it.o(i.CAN0_RX0_IRQHandler)
    CAN1_RX0_IRQHandler                      0x08000545   Thumb Code    18  gd32c10x_it.o(i.CAN1_RX0_IRQHandler)
    DebugMon_Handler                         0x0800055d   Thumb Code     2  gd32c10x_it.o(i.DebugMon_Handler)
    Delay_ms                                 0x0800055f   Thumb Code    18  timer.o(i.Delay_ms)
    Delay_us                                 0x08000571   Thumb Code    12  timer.o(i.Delay_us)
    EXTI10_15_IRQHandler                     0x0800057d   Thumb Code   230  gd32c10x_it.o(i.EXTI10_15_IRQHandler)
    GetTimer6Cnt                             0x08000671   Thumb Code    36  timer.o(i.GetTimer6Cnt)
    GetTimer6CntEx                           0x0800069d   Thumb Code    22  timer.o(i.GetTimer6CntEx)
    HardFault_Handler                        0x080006bd   Thumb Code     4  gd32c10x_it.o(i.HardFault_Handler)
    InitKinSys                               0x080006c1   Thumb Code    52  usart.o(i.InitKinSys)
    KLIN_Recieve_Byte                        0x080006f5   Thumb Code    80  usart.o(i.KLIN_Recieve_Byte)
    KLIN_Send_ByteOne                        0x0800074d   Thumb Code    32  usart.o(i.KLIN_Send_ByteOne)
    Led_Init                                 0x08000775   Thumb Code    46  bsp.o(i.Led_Init)
    Low_High_ms                              0x080007a9   Thumb Code    82  usart.o(i.Low_High_ms)
    MemManage_Handler                        0x08000805   Thumb Code     4  gd32c10x_it.o(i.MemManage_Handler)
    NMI_Handler                              0x08000809   Thumb Code     2  gd32c10x_it.o(i.NMI_Handler)
    PendSV_Handler                           0x0800080b   Thumb Code     2  gd32c10x_it.o(i.PendSV_Handler)
    ReceiveUsbDate                           0x0800080d   Thumb Code    28  cdc_acm_core.o(i.ReceiveUsbDate)
    SVC_Handler                              0x08000829   Thumb Code     2  gd32c10x_it.o(i.SVC_Handler)
    SendAddFrame                             0x0800082d   Thumb Code   138  usart.o(i.SendAddFrame)
    SendKwp9141Frame                         0x080008c1   Thumb Code   132  usart.o(i.SendKwp9141Frame)
    SumDat                                   0x0800094d   Thumb Code    34  usart.o(i.SumDat)
    SysTick_Handler                          0x0800096f   Thumb Code     2  gd32c10x_it.o(i.SysTick_Handler)
    SystemInit                               0x08000971   Thumb Code   150  system_gd32c10x.o(i.SystemInit)
    TIM5_config                              0x08000a15   Thumb Code   100  timer.o(i.TIM5_config)
    TIM6_config                              0x08000a81   Thumb Code   100  timer.o(i.TIM6_config)
    TIMER0_BRK_TIMER8_IRQHandler             0x08000aed   Thumb Code   442  gd32c10x_it.o(i.TIMER0_BRK_TIMER8_IRQHandler)
    TIMER1_IRQHandler                        0x08000cc1   Thumb Code   948  gd32c10x_it.o(i.TIMER1_IRQHandler)
    TIMER2_IRQHandler                        0x080010a9   Thumb Code     8  gd32c10x_it.o(i.TIMER2_IRQHandler)
    TIMER5_IRQHandler                        0x080010b1   Thumb Code    46  gd32c10x_it.o(i.TIMER5_IRQHandler)
    TIMER6_IRQHandler                        0x080010e9   Thumb Code    46  gd32c10x_it.o(i.TIMER6_IRQHandler)
    Time5Delayus                             0x08001121   Thumb Code   130  timer.o(i.Time5Delayus)
    UART1_Init                               0x080011ad   Thumb Code   128  usart.o(i.UART1_Init)
    USART1_IRQHandler                        0x08001235   Thumb Code    54  gd32c10x_it.o(i.USART1_IRQHandler)
    USBFS_IRQHandler                         0x0800127d   Thumb Code    10  gd32c10x_it.o(i.USBFS_IRQHandler)
    USBFS_WKUP_IRQHandler                    0x0800128d   Thumb Code    44  gd32c10x_it.o(i.USBFS_WKUP_IRQHandler)
    UsageFault_Handler                       0x080012c1   Thumb Code     4  gd32c10x_it.o(i.UsageFault_Handler)
    adc_calibration_enable                   0x080017b9   Thumb Code    42  gd32c10x_adc.o(i.adc_calibration_enable)
    adc_channel_length_config                0x080017e3   Thumb Code    70  gd32c10x_adc.o(i.adc_channel_length_config)
    adc_data_alignment_config                0x08001829   Thumb Code    22  gd32c10x_adc.o(i.adc_data_alignment_config)
    adc_enable                               0x0800183f   Thumb Code    18  gd32c10x_adc.o(i.adc_enable)
    adc_external_trigger_config              0x08001851   Thumb Code    62  gd32c10x_adc.o(i.adc_external_trigger_config)
    adc_external_trigger_source_config       0x0800188f   Thumb Code    48  gd32c10x_adc.o(i.adc_external_trigger_source_config)
    adc_mode_config                          0x080018c1   Thumb Code    22  gd32c10x_adc.o(i.adc_mode_config)
    can_message_receive                      0x080018dd   Thumb Code   448  gd32c10x_can.o(i.can_message_receive)
    ctc_clock_limit_value_config             0x08001d9d   Thumb Code    24  gd32c10x_ctc.o(i.ctc_clock_limit_value_config)
    ctc_config                               0x08001db9   Thumb Code    48  gd32c10x_hw.o(i.ctc_config)
    ctc_counter_enable                       0x08001de9   Thumb Code    14  gd32c10x_ctc.o(i.ctc_counter_enable)
    ctc_counter_reload_value_config          0x08001dfd   Thumb Code    22  gd32c10x_ctc.o(i.ctc_counter_reload_value_config)
    ctc_flag_get                             0x08001e19   Thumb Code    18  gd32c10x_ctc.o(i.ctc_flag_get)
    ctc_hardware_trim_mode_config            0x08001e31   Thumb Code    22  gd32c10x_ctc.o(i.ctc_hardware_trim_mode_config)
    ctc_refsource_polarity_config            0x08001e4d   Thumb Code    22  gd32c10x_ctc.o(i.ctc_refsource_polarity_config)
    ctc_refsource_prescaler_config           0x08001e69   Thumb Code    22  gd32c10x_ctc.o(i.ctc_refsource_prescaler_config)
    ctc_refsource_signal_select              0x08001e85   Thumb Code    22  gd32c10x_ctc.o(i.ctc_refsource_signal_select)
    exti_init                                0x08001ea1   Thumb Code   178  gd32c10x_exti.o(i.exti_init)
    exti_interrupt_enable                    0x08001f59   Thumb Code    12  gd32c10x_exti.o(i.exti_interrupt_enable)
    exti_interrupt_flag_clear                0x08001f69   Thumb Code     6  gd32c10x_exti.o(i.exti_interrupt_flag_clear)
    exti_interrupt_flag_get                  0x08001f75   Thumb Code    32  gd32c10x_exti.o(i.exti_interrupt_flag_get)
    gpio_bit_reset                           0x08001f99   Thumb Code     4  gd32c10x_gpio.o(i.gpio_bit_reset)
    gpio_bit_set                             0x08001f9d   Thumb Code     4  gd32c10x_gpio.o(i.gpio_bit_set)
    gpio_init                                0x08001fa1   Thumb Code   188  gd32c10x_gpio.o(i.gpio_init)
    gpio_input_bit_get                       0x0800205d   Thumb Code    16  gd32c10x_gpio.o(i.gpio_input_bit_get)
    int_to_unicode                           0x08002109   Thumb Code    60  usbd_enum.o(i.int_to_unicode)
    main                                     0x08002145   Thumb Code   172  app.o(i.main)
    nvic_irq_enable                          0x08002221   Thumb Code   162  gd32c10x_misc.o(i.nvic_irq_enable)
    nvic_priority_group_set                  0x080022cd   Thumb Code    10  gd32c10x_misc.o(i.nvic_priority_group_set)
    nvic_vector_table_set                    0x080022e1   Thumb Code    16  gd32c10x_misc.o(i.nvic_vector_table_set)
    pmu_to_deepsleepmode                     0x080022f9   Thumb Code   170  gd32c10x_pmu.o(i.pmu_to_deepsleepmode)
    rcu_adc_clock_config                     0x080023bd   Thumb Code    98  gd32c10x_rcu.o(i.rcu_adc_clock_config)
    rcu_ck48m_clock_config                   0x08002429   Thumb Code    22  gd32c10x_rcu.o(i.rcu_ck48m_clock_config)
    rcu_clock_freq_get                       0x08002445   Thumb Code   352  gd32c10x_rcu.o(i.rcu_clock_freq_get)
    rcu_flag_get                             0x080025c5   Thumb Code    30  gd32c10x_rcu.o(i.rcu_flag_get)
    rcu_osci_on                              0x080025e9   Thumb Code    28  gd32c10x_rcu.o(i.rcu_osci_on)
    rcu_osci_stab_wait                       0x08002609   Thumb Code   342  gd32c10x_rcu.o(i.rcu_osci_stab_wait)
    rcu_periph_clock_enable                  0x08002765   Thumb Code    28  gd32c10x_rcu.o(i.rcu_periph_clock_enable)
    rcu_periph_reset_disable                 0x08002785   Thumb Code    28  gd32c10x_rcu.o(i.rcu_periph_reset_disable)
    rcu_periph_reset_enable                  0x080027a5   Thumb Code    28  gd32c10x_rcu.o(i.rcu_periph_reset_enable)
    rcu_usb_clock_config                     0x080027c5   Thumb Code    18  gd32c10x_rcu.o(i.rcu_usb_clock_config)
    serial_string_get                        0x080027dd   Thumb Code    66  usbd_enum.o(i.serial_string_get)
    timer_auto_reload_shadow_enable          0x0800292d   Thumb Code    10  gd32c10x_timer.o(i.timer_auto_reload_shadow_enable)
    timer_channel_capture_value_register_read 0x08002937   Thumb Code    42  gd32c10x_timer.o(i.timer_channel_capture_value_register_read)
    timer_channel_output_polarity_config     0x08002961   Thumb Code    92  gd32c10x_timer.o(i.timer_channel_output_polarity_config)
    timer_counter_read                       0x080029bd   Thumb Code     8  gd32c10x_timer.o(i.timer_counter_read)
    timer_counter_value_config               0x080029c5   Thumb Code     4  gd32c10x_timer.o(i.timer_counter_value_config)
    timer_deinit                             0x080029c9   Thumb Code   374  gd32c10x_timer.o(i.timer_deinit)
    timer_disable                            0x08002b4d   Thumb Code    10  gd32c10x_timer.o(i.timer_disable)
    timer_enable                             0x08002b57   Thumb Code    10  gd32c10x_timer.o(i.timer_enable)
    timer_init                               0x08002b61   Thumb Code   134  gd32c10x_timer.o(i.timer_init)
    timer_interrupt_disable                  0x08002c05   Thumb Code     8  gd32c10x_timer.o(i.timer_interrupt_disable)
    timer_interrupt_enable                   0x08002c0d   Thumb Code     8  gd32c10x_timer.o(i.timer_interrupt_enable)
    timer_interrupt_flag_clear               0x08002c15   Thumb Code     6  gd32c10x_timer.o(i.timer_interrupt_flag_clear)
    timer_interrupt_flag_get                 0x08002c1b   Thumb Code    24  gd32c10x_timer.o(i.timer_interrupt_flag_get)
    timer_struct_para_init                   0x08002c33   Thumb Code    22  gd32c10x_timer.o(i.timer_struct_para_init)
    usart_baudrate_set                       0x08002c49   Thumb Code   136  gd32c10x_usart.o(i.usart_baudrate_set)
    usart_data_receive                       0x08002cd9   Thumb Code    10  gd32c10x_usart.o(i.usart_data_receive)
    usart_data_transmit                      0x08002ce3   Thumb Code     8  gd32c10x_usart.o(i.usart_data_transmit)
    usart_enable                             0x08002ceb   Thumb Code    10  gd32c10x_usart.o(i.usart_enable)
    usart_flag_get                           0x08002cf5   Thumb Code    30  gd32c10x_usart.o(i.usart_flag_get)
    usart_interrupt_disable                  0x08002d13   Thumb Code    26  gd32c10x_usart.o(i.usart_interrupt_disable)
    usart_interrupt_enable                   0x08002d2d   Thumb Code    26  gd32c10x_usart.o(i.usart_interrupt_enable)
    usart_interrupt_flag_clear               0x08002d47   Thumb Code    26  gd32c10x_usart.o(i.usart_interrupt_flag_clear)
    usart_interrupt_flag_get                 0x08002d61   Thumb Code    56  gd32c10x_usart.o(i.usart_interrupt_flag_get)
    usart_receive_config                     0x08002d99   Thumb Code    16  gd32c10x_usart.o(i.usart_receive_config)
    usart_stop_bit_set                       0x08002da9   Thumb Code    16  gd32c10x_usart.o(i.usart_stop_bit_set)
    usart_transmit_config                    0x08002db9   Thumb Code    16  gd32c10x_usart.o(i.usart_transmit_config)
    usart_word_length_set                    0x08002dc9   Thumb Code    16  gd32c10x_usart.o(i.usart_word_length_set)
    usb_basic_init                           0x08002dd9   Thumb Code   218  drv_usb_core.o(i.usb_basic_init)
    usb_clock_active                         0x08002eb3   Thumb Code    32  drv_usb_dev.o(i.usb_clock_active)
    usb_core_init                            0x08002ed5   Thumb Code   178  drv_usb_core.o(i.usb_core_init)
    usb_ctlep_startout                       0x08002fb5   Thumb Code    34  drv_usb_dev.o(i.usb_ctlep_startout)
    usb_curmode_set                          0x08002fdd   Thumb Code    46  drv_usb_core.o(i.usb_curmode_set)
    usb_devcore_init                         0x0800300d   Thumb Code   330  drv_usb_dev.o(i.usb_devcore_init)
    usb_devint_enable                        0x0800315d   Thumb Code    56  drv_usb_dev.o(i.usb_devint_enable)
    usb_iepintr_read                         0x0800319d   Thumb Code    42  drv_usb_dev.o(i.usb_iepintr_read)
    usb_intr_config                          0x080031c7   Thumb Code    68  gd32c10x_hw.o(i.usb_intr_config)
    usb_mdelay                               0x0800320b   Thumb Code    14  gd32c10x_hw.o(i.usb_mdelay)
    usb_rcu_config                           0x08003219   Thumb Code   130  gd32c10x_hw.o(i.usb_rcu_config)
    usb_rxfifo_flush                         0x080032b5   Thumb Code    34  drv_usb_core.o(i.usb_rxfifo_flush)
    usb_rxfifo_read                          0x080032d7   Thumb Code    30  drv_usb_core.o(i.usb_rxfifo_read)
    usb_set_txfifo                           0x080032f5   Thumb Code    72  drv_usb_core.o(i.usb_set_txfifo)
    usb_timer_init                           0x0800333d   Thumb Code    40  gd32c10x_hw.o(i.usb_timer_init)
    usb_timer_irq                            0x08003365   Thumb Code    46  gd32c10x_hw.o(i.usb_timer_irq)
    usb_transc_active                        0x0800339d   Thumb Code   142  drv_usb_dev.o(i.usb_transc_active)
    usb_transc_clrstall                      0x08003435   Thumb Code    68  drv_usb_dev.o(i.usb_transc_clrstall)
    usb_transc_deactivate                    0x08003479   Thumb Code   100  drv_usb_dev.o(i.usb_transc_deactivate)
    usb_transc_inxfer                        0x080034dd   Thumb Code   268  drv_usb_dev.o(i.usb_transc_inxfer)
    usb_transc_outxfer                       0x080035e9   Thumb Code   144  drv_usb_dev.o(i.usb_transc_outxfer)
    usb_transc_stall                         0x08003679   Thumb Code    66  drv_usb_dev.o(i.usb_transc_stall)
    usb_txfifo_flush                         0x080036bb   Thumb Code    40  drv_usb_core.o(i.usb_txfifo_flush)
    usb_txfifo_write                         0x080036e3   Thumb Code    34  drv_usb_core.o(i.usb_txfifo_write)
    usb_udelay                               0x08003705   Thumb Code    14  gd32c10x_hw.o(i.usb_udelay)
    usbd_class_request                       0x08003713   Thumb Code    38  usbd_enum.o(i.usbd_class_request)
    usbd_connect                             0x08003739   Thumb Code    28  usbd_core.o(i.usbd_connect)
    usbd_ctl_recev                           0x08003755   Thumb Code    46  usbd_transc.o(i.usbd_ctl_recev)
    usbd_ctl_send                            0x08003783   Thumb Code    46  usbd_transc.o(i.usbd_ctl_send)
    usbd_ctl_status_recev                    0x080037b1   Thumb Code    32  usbd_transc.o(i.usbd_ctl_status_recev)
    usbd_ctl_status_send                     0x080037d1   Thumb Code    32  usbd_transc.o(i.usbd_ctl_status_send)
    usbd_disconnect                          0x080037f1   Thumb Code    28  usbd_core.o(i.usbd_disconnect)
    usbd_enum_error                          0x08003899   Thumb Code    30  usbd_enum.o(i.usbd_enum_error)
    usbd_ep_clear                            0x080038b7   Thumb Code    52  usbd_core.o(i.usbd_ep_clear)
    usbd_ep_recev                            0x080038eb   Thumb Code    60  usbd_core.o(i.usbd_ep_recev)
    usbd_ep_send                             0x08003927   Thumb Code    60  usbd_core.o(i.usbd_ep_send)
    usbd_ep_setup                            0x08003965   Thumb Code   106  usbd_core.o(i.usbd_ep_setup)
    usbd_ep_stall                            0x080039d5   Thumb Code    58  usbd_core.o(i.usbd_ep_stall)
    usbd_ep_stall_clear                      0x08003a0f   Thumb Code    58  usbd_core.o(i.usbd_ep_stall_clear)
    usbd_in_transc                           0x08003a49   Thumb Code   160  usbd_transc.o(i.usbd_in_transc)
    usbd_init                                0x08003ae9   Thumb Code   124  usbd_core.o(i.usbd_init)
    usbd_isr                                 0x08003f15   Thumb Code   222  drv_usbd_int.o(i.usbd_isr)
    usbd_out_transc                          0x08003ff3   Thumb Code   132  usbd_transc.o(i.usbd_out_transc)
    usbd_setup_transc                        0x08004077   Thumb Code   132  usbd_transc.o(i.usbd_setup_transc)
    usbd_standard_request                    0x080040fd   Thumb Code    22  usbd_enum.o(i.usbd_standard_request)
    usbd_vendor_request                      0x08004119   Thumb Code     6  usbd_enum.o(i.usbd_vendor_request)
    _fp_init                                 0x0800411f   Thumb Code    10  fpinit.o(x$fpl$fpinit)
    __fplib_config_fpu_vfp                   0x08004127   Thumb Code     0  fpinit.o(x$fpl$fpinit)
    __fplib_config_pureend_doubles           0x08004127   Thumb Code     0  fpinit.o(x$fpl$fpinit)
    g_can_fdlength_table                     0x08004148   Data           7  gd32c10x_can.o(.constdata)
    ep_type                                  0x08004260   Data          16  usbd_core.o(.constdata)
    cdc_dev_desc                             0x08004270   Data          18  cdc_acm_core.o(.constdata)
    cdc_config_desc                          0x08004282   Data          67  cdc_acm_core.o(.constdata)
    usbd_cdc_strings                         0x080043d0   Data          16  cdc_acm_core.o(.constdata)
    Region$$Table$$Base                      0x080043e8   Number         0  anon$$obj.o(Region$$Table)
    Region$$Table$$Limit                     0x08004408   Number         0  anon$$obj.o(Region$$Table)
    delay_time                               0x20000000   Data           4  gd32c10x_hw.o(.data)
    timer_prescaler                          0x20000004   Data           2  gd32c10x_hw.o(.data)
    usbfs_prescaler                          0x20000008   Data           4  gd32c10x_hw.o(.data)
    iRxUsbLen                                0x2000005c   Data           2  cdc_acm_core.o(.data)
    iRxUsbFlag                               0x2000005e   Data           2  cdc_acm_core.o(.data)
    LenFlag                                  0x20000060   Data           2  cdc_acm_core.o(.data)
    iVcpRxLen                                0x20000062   Data           2  cdc_acm_core.o(.data)
    iVcpRxCmt                                0x20000064   Data           2  cdc_acm_core.o(.data)
    iMuxFlag                                 0x20000066   Data           1  cdc_acm_core.o(.data)
    iMuxCmt                                  0x20000068   Data           4  cdc_acm_core.o(.data)
    iMuxSum                                  0x2000006c   Data           4  cdc_acm_core.o(.data)
    iUsbSendFlag                             0x20000070   Data           1  cdc_acm_core.o(.data)
    cdc_desc                                 0x200000f4   Data          16  cdc_acm_core.o(.data)
    cdc_class                                0x20000104   Data          48  cdc_acm_core.o(.data)
    iTimeCmt                                 0x20000134   Data           4  bsp.o(.data)
    iTime5Cmt                                0x20000138   Data           4  bsp.o(.data)
    iTime6Cmt                                0x2000013c   Data           4  bsp.o(.data)
    iTim1Value                               0x20000140   Data           4  bsp.o(.data)
    iKwpIndexTime                            0x20000144   Data           1  bsp.o(.data)
    iHBitSum                                 0x20000146   Data           2  bsp.o(.data)
    iLBitSum                                 0x20000148   Data           2  bsp.o(.data)
    iJ1850EofFlag                            0x2000014a   Data           1  bsp.o(.data)
    iReCount                                 0x2000014c   Data           4  bsp.o(.data)
    iFdCanFlag                               0x20000150   Data           1  bsp.o(.data)
    iTimeFlag                                0x20000151   Data           1  bsp.o(.data)
    iIsoStatCom                              0x20000152   Data           1  bsp.o(.data)
    iKlineAdd                                0x20000153   Data           1  bsp.o(.data)
    iKlineBaud                               0x20000154   Data           2  bsp.o(.data)
    iKlineKey1                               0x20000156   Data           1  bsp.o(.data)
    iKlineKey2                               0x20000157   Data           1  bsp.o(.data)
    iPartValue                               0x20000158   Data           1  bsp.o(.data)
    iKRxdValue                               0x20000159   Data           1  bsp.o(.data)
    iKRxdFlag                                0x2000015a   Data           1  bsp.o(.data)
    iKDataMode                               0x2000015b   Data           1  bsp.o(.data)
    SJW                                      0x2000015c   Data           1  bsp.o(.data)
    BS1                                      0x2000015d   Data           1  bsp.o(.data)
    BS2                                      0x2000015e   Data           1  bsp.o(.data)
    Brp                                      0x2000015f   Data           1  bsp.o(.data)
    DataSJW                                  0x20000160   Data           1  bsp.o(.data)
    DataBS1                                  0x20000161   Data           1  bsp.o(.data)
    DataBS2                                  0x20000162   Data           1  bsp.o(.data)
    DataBrp                                  0x20000163   Data           1  bsp.o(.data)
    FdMode                                   0x20000164   Data           1  bsp.o(.data)
    FdBrs                                    0x20000165   Data           1  bsp.o(.data)
    Fd_Working_mode                          0x20000166   Data           1  bsp.o(.data)
    Ledflag                                  0x20000167   Data           1  bsp.o(.data)
    iEcuFlag                                 0x20000168   Data           1  bsp.o(.data)
    iSendComValue                            0x2000016a   Data           2  bsp.o(.data)
    iCanSendSum                              0x2000016c   Data           2  bsp.o(.data)
    iCan30flag                               0x2000016e   Data           1  bsp.o(.data)
    iCan30Sum                                0x2000016f   Data           1  bsp.o(.data)
    iAdcValue                                0x20000170   Data           2  bsp.o(.data)
    KwpBaud                                  0x20000172   Data           2  bsp.o(.data)
    KwpAdd                                   0x20000174   Data           1  bsp.o(.data)
    KwpKey1                                  0x20000175   Data           1  bsp.o(.data)
    KwpKey2                                  0x20000176   Data           1  bsp.o(.data)
    KwpValue                                 0x20000177   Data           1  bsp.o(.data)
    KwpReFlag                                0x20000178   Data           1  bsp.o(.data)
    iKwpLastSendValue                        0x20000179   Data           1  bsp.o(.data)
    iUsbRecFlag                              0x2000017a   Data           1  bsp.o(.data)
    cdc_acm                                  0x2000017c   Data        1084  app.o(.bss)
    RxLenBuf                                 0x200005c8   Data          10  cdc_acm_core.o(.bss)
    BUF_MO                                   0x2000062c   Data        4096  bsp.o(.bss)
    BUF_MOCAN                                0x2000162c   Data        4096  bsp.o(.bss)
    j1850_Hbit                               0x2000262c   Data         500  bsp.o(.bss)
    j1850_Lbit                               0x20002820   Data         500  bsp.o(.bss)
    ReDataStr                                0x20002a14   Data        7168  bsp.o(.bss)
    __libspace_start                         0x20004614   Data          96  libspace.o(.bss)
    __temporary_stack_top$libspace           0x20004674   Data           0  libspace.o(.bss)



==============================================================================

Memory Map of the image

  Image Entry point : 0x08000151

  Load Region LR_IROM1 (Base: 0x08000000, Size: 0x00004584, Max: 0x00020000, ABSOLUTE, COMPRESSED[0x00004474])

    Execution Region ER_IROM1 (Exec base: 0x08000000, Load base: 0x08000000, Size: 0x00004408, Max: 0x00020000, ABSOLUTE)

    Exec Addr    Load Addr    Size         Type   Attr      Idx    E Section Name        Object

    0x08000000   0x08000000   0x00000150   Data   RO         4711    RESET               startup_gd32c10x.o
    0x08000150   0x08000150   0x00000008   Code   RO         5196  * !!!main             c_w.l(__main.o)
    0x08000158   0x08000158   0x00000034   Code   RO         5355    !!!scatter          c_w.l(__scatter.o)
    0x0800018c   0x0800018c   0x0000005a   Code   RO         5353    !!dczerorl2         c_w.l(__dczerorl2.o)
    0x080001e6   0x080001e6   0x00000002   PAD
    0x080001e8   0x080001e8   0x0000001c   Code   RO         5357    !!handler_zi        c_w.l(__scatter_zi.o)
    0x08000204   0x08000204   0x00000002   Code   RO         5223    .ARM.Collect$$libinit$$00000000  c_w.l(libinit.o)
    0x08000206   0x08000206   0x00000004   Code   RO         5229    .ARM.Collect$$libinit$$00000001  c_w.l(libinit2.o)
    0x0800020a   0x0800020a   0x00000000   Code   RO         5232    .ARM.Collect$$libinit$$00000004  c_w.l(libinit2.o)
    0x0800020a   0x0800020a   0x00000000   Code   RO         5235    .ARM.Collect$$libinit$$0000000A  c_w.l(libinit2.o)
    0x0800020a   0x0800020a   0x00000000   Code   RO         5237    .ARM.Collect$$libinit$$0000000C  c_w.l(libinit2.o)
    0x0800020a   0x0800020a   0x00000000   Code   RO         5239    .ARM.Collect$$libinit$$0000000E  c_w.l(libinit2.o)
    0x0800020a   0x0800020a   0x00000000   Code   RO         5242    .ARM.Collect$$libinit$$00000011  c_w.l(libinit2.o)
    0x0800020a   0x0800020a   0x00000000   Code   RO         5244    .ARM.Collect$$libinit$$00000013  c_w.l(libinit2.o)
    0x0800020a   0x0800020a   0x00000000   Code   RO         5246    .ARM.Collect$$libinit$$00000015  c_w.l(libinit2.o)
    0x0800020a   0x0800020a   0x00000000   Code   RO         5248    .ARM.Collect$$libinit$$00000017  c_w.l(libinit2.o)
    0x0800020a   0x0800020a   0x00000000   Code   RO         5250    .ARM.Collect$$libinit$$00000019  c_w.l(libinit2.o)
    0x0800020a   0x0800020a   0x00000000   Code   RO         5252    .ARM.Collect$$libinit$$0000001B  c_w.l(libinit2.o)
    0x0800020a   0x0800020a   0x00000000   Code   RO         5254    .ARM.Collect$$libinit$$0000001D  c_w.l(libinit2.o)
    0x0800020a   0x0800020a   0x00000000   Code   RO         5256    .ARM.Collect$$libinit$$0000001F  c_w.l(libinit2.o)
    0x0800020a   0x0800020a   0x00000000   Code   RO         5258    .ARM.Collect$$libinit$$00000021  c_w.l(libinit2.o)
    0x0800020a   0x0800020a   0x00000000   Code   RO         5260    .ARM.Collect$$libinit$$00000023  c_w.l(libinit2.o)
    0x0800020a   0x0800020a   0x00000000   Code   RO         5262    .ARM.Collect$$libinit$$00000025  c_w.l(libinit2.o)
    0x0800020a   0x0800020a   0x00000000   Code   RO         5266    .ARM.Collect$$libinit$$0000002C  c_w.l(libinit2.o)
    0x0800020a   0x0800020a   0x00000000   Code   RO         5268    .ARM.Collect$$libinit$$0000002E  c_w.l(libinit2.o)
    0x0800020a   0x0800020a   0x00000000   Code   RO         5270    .ARM.Collect$$libinit$$00000030  c_w.l(libinit2.o)
    0x0800020a   0x0800020a   0x00000000   Code   RO         5272    .ARM.Collect$$libinit$$00000032  c_w.l(libinit2.o)
    0x0800020a   0x0800020a   0x00000002   Code   RO         5273    .ARM.Collect$$libinit$$00000033  c_w.l(libinit2.o)
    0x0800020c   0x0800020c   0x00000002   Code   RO         5293    .ARM.Collect$$libshutdown$$00000000  c_w.l(libshutdown.o)
    0x0800020e   0x0800020e   0x00000000   Code   RO         5306    .ARM.Collect$$libshutdown$$00000002  c_w.l(libshutdown2.o)
    0x0800020e   0x0800020e   0x00000000   Code   RO         5308    .ARM.Collect$$libshutdown$$00000004  c_w.l(libshutdown2.o)
    0x0800020e   0x0800020e   0x00000000   Code   RO         5311    .ARM.Collect$$libshutdown$$00000007  c_w.l(libshutdown2.o)
    0x0800020e   0x0800020e   0x00000000   Code   RO         5314    .ARM.Collect$$libshutdown$$0000000A  c_w.l(libshutdown2.o)
    0x0800020e   0x0800020e   0x00000000   Code   RO         5316    .ARM.Collect$$libshutdown$$0000000C  c_w.l(libshutdown2.o)
    0x0800020e   0x0800020e   0x00000000   Code   RO         5319    .ARM.Collect$$libshutdown$$0000000F  c_w.l(libshutdown2.o)
    0x0800020e   0x0800020e   0x00000002   Code   RO         5320    .ARM.Collect$$libshutdown$$00000010  c_w.l(libshutdown2.o)
    0x08000210   0x08000210   0x00000000   Code   RO         5198    .ARM.Collect$$rtentry$$00000000  c_w.l(__rtentry.o)
    0x08000210   0x08000210   0x00000000   Code   RO         5200    .ARM.Collect$$rtentry$$00000002  c_w.l(__rtentry2.o)
    0x08000210   0x08000210   0x00000006   Code   RO         5212    .ARM.Collect$$rtentry$$00000004  c_w.l(__rtentry4.o)
    0x08000216   0x08000216   0x00000000   Code   RO         5202    .ARM.Collect$$rtentry$$00000009  c_w.l(__rtentry2.o)
    0x08000216   0x08000216   0x00000004   Code   RO         5203    .ARM.Collect$$rtentry$$0000000A  c_w.l(__rtentry2.o)
    0x0800021a   0x0800021a   0x00000000   Code   RO         5205    .ARM.Collect$$rtentry$$0000000C  c_w.l(__rtentry2.o)
    0x0800021a   0x0800021a   0x00000008   Code   RO         5206    .ARM.Collect$$rtentry$$0000000D  c_w.l(__rtentry2.o)
    0x08000222   0x08000222   0x00000002   Code   RO         5227    .ARM.Collect$$rtexit$$00000000  c_w.l(rtexit.o)
    0x08000224   0x08000224   0x00000000   Code   RO         5275    .ARM.Collect$$rtexit$$00000002  c_w.l(rtexit2.o)
    0x08000224   0x08000224   0x00000004   Code   RO         5276    .ARM.Collect$$rtexit$$00000003  c_w.l(rtexit2.o)
    0x08000228   0x08000228   0x00000006   Code   RO         5277    .ARM.Collect$$rtexit$$00000004  c_w.l(rtexit2.o)
    0x0800022e   0x0800022e   0x00000002   PAD
    0x08000230   0x08000230   0x00000040   Code   RO         4712    .text               startup_gd32c10x.o
    0x08000270   0x08000270   0x0000008a   Code   RO         5188    .text               c_w.l(rt_memcpy_v6.o)
    0x080002fa   0x080002fa   0x00000064   Code   RO         5190    .text               c_w.l(rt_memcpy_w.o)
    0x0800035e   0x0800035e   0x0000004e   Code   RO         5192    .text               c_w.l(rt_memclr_w.o)
    0x080003ac   0x080003ac   0x00000006   Code   RO         5194    .text               c_w.l(heapauxi.o)
    0x080003b2   0x080003b2   0x0000004a   Code   RO         5214    .text               c_w.l(sys_stackheap_outer.o)
    0x080003fc   0x080003fc   0x00000012   Code   RO         5216    .text               c_w.l(exit.o)
    0x0800040e   0x0800040e   0x00000002   PAD
    0x08000410   0x08000410   0x00000008   Code   RO         5224    .text               c_w.l(libspace.o)
    0x08000418   0x08000418   0x0000000c   Code   RO         5285    .text               c_w.l(sys_exit.o)
    0x08000424   0x08000424   0x00000002   Code   RO         5296    .text               c_w.l(use_no_semi.o)
    0x08000426   0x08000426   0x00000000   Code   RO         5298    .text               c_w.l(indicate_semi.o)
    0x08000426   0x08000426   0x00000002   PAD
    0x08000428   0x08000428   0x00000078   Code   RO         4718    i.Adc_Init          bsp.o
    0x080004a0   0x080004a0   0x00000084   Code   RO         5075    i.AddrWakeUpOneEx   usart.o
    0x08000524   0x08000524   0x00000004   Code   RO          256    i.BusFault_Handler  gd32c10x_it.o
    0x08000528   0x08000528   0x0000001c   Code   RO          257    i.CAN0_RX0_IRQHandler  gd32c10x_it.o
    0x08000544   0x08000544   0x00000018   Code   RO          258    i.CAN1_RX0_IRQHandler  gd32c10x_it.o
    0x0800055c   0x0800055c   0x00000002   Code   RO          259    i.DebugMon_Handler  gd32c10x_it.o
    0x0800055e   0x0800055e   0x00000012   Code   RO         4966    i.Delay_ms          timer.o
    0x08000570   0x08000570   0x0000000c   Code   RO         4967    i.Delay_us          timer.o
    0x0800057c   0x0800057c   0x000000f4   Code   RO          260    i.EXTI10_15_IRQHandler  gd32c10x_it.o
    0x08000670   0x08000670   0x0000002c   Code   RO         4968    i.GetTimer6Cnt      timer.o
    0x0800069c   0x0800069c   0x00000020   Code   RO         4969    i.GetTimer6CntEx    timer.o
    0x080006bc   0x080006bc   0x00000004   Code   RO          262    i.HardFault_Handler  gd32c10x_it.o
    0x080006c0   0x080006c0   0x00000034   Code   RO         5077    i.InitKinSys        usart.o
    0x080006f4   0x080006f4   0x00000058   Code   RO         5078    i.KLIN_Recieve_Byte  usart.o
    0x0800074c   0x0800074c   0x00000028   Code   RO         5079    i.KLIN_Send_ByteOne  usart.o
    0x08000774   0x08000774   0x00000034   Code   RO         4720    i.Led_Init          bsp.o
    0x080007a8   0x080007a8   0x0000005c   Code   RO         5081    i.Low_High_ms       usart.o
    0x08000804   0x08000804   0x00000004   Code   RO          263    i.MemManage_Handler  gd32c10x_it.o
    0x08000808   0x08000808   0x00000002   Code   RO          264    i.NMI_Handler       gd32c10x_it.o
    0x0800080a   0x0800080a   0x00000002   Code   RO          265    i.PendSV_Handler    gd32c10x_it.o
    0x0800080c   0x0800080c   0x0000001c   Code   RO         4624    i.ReceiveUsbDate    cdc_acm_core.o
    0x08000828   0x08000828   0x00000002   Code   RO          266    i.SVC_Handler       gd32c10x_it.o
    0x0800082a   0x0800082a   0x00000002   PAD
    0x0800082c   0x0800082c   0x00000094   Code   RO         5082    i.SendAddFrame      usart.o
    0x080008c0   0x080008c0   0x0000008c   Code   RO         5084    i.SendKwp9141Frame  usart.o
    0x0800094c   0x0800094c   0x00000022   Code   RO         5089    i.SumDat            usart.o
    0x0800096e   0x0800096e   0x00000002   Code   RO          267    i.SysTick_Handler   gd32c10x_it.o
    0x08000970   0x08000970   0x000000a4   Code   RO          422    i.SystemInit        system_gd32c10x.o
    0x08000a14   0x08000a14   0x0000006c   Code   RO         4974    i.TIM5_config       timer.o
    0x08000a80   0x08000a80   0x0000006c   Code   RO         4975    i.TIM6_config       timer.o
    0x08000aec   0x08000aec   0x000001d4   Code   RO          268    i.TIMER0_BRK_TIMER8_IRQHandler  gd32c10x_it.o
    0x08000cc0   0x08000cc0   0x000003e8   Code   RO          271    i.TIMER1_IRQHandler  gd32c10x_it.o
    0x080010a8   0x080010a8   0x00000008   Code   RO          272    i.TIMER2_IRQHandler  gd32c10x_it.o
    0x080010b0   0x080010b0   0x00000038   Code   RO          273    i.TIMER5_IRQHandler  gd32c10x_it.o
    0x080010e8   0x080010e8   0x00000038   Code   RO          274    i.TIMER6_IRQHandler  gd32c10x_it.o
    0x08001120   0x08001120   0x0000008c   Code   RO         4978    i.Time5Delayus      timer.o
    0x080011ac   0x080011ac   0x00000088   Code   RO         5090    i.UART1_Init        usart.o
    0x08001234   0x08001234   0x00000048   Code   RO          275    i.USART1_IRQHandler  gd32c10x_it.o
    0x0800127c   0x0800127c   0x00000010   Code   RO          276    i.USBFS_IRQHandler  gd32c10x_it.o
    0x0800128c   0x0800128c   0x00000034   Code   RO          277    i.USBFS_WKUP_IRQHandler  gd32c10x_it.o
    0x080012c0   0x080012c0   0x00000004   Code   RO          278    i.UsageFault_Handler  gd32c10x_it.o
    0x080012c4   0x080012c4   0x00000014   Code   RO         4429    i._usb_bos_desc_get  usbd_enum.o
    0x080012d8   0x080012d8   0x00000022   Code   RO         4430    i._usb_config_desc_get  usbd_enum.o
    0x080012fa   0x080012fa   0x00000014   Code   RO         4431    i._usb_dev_desc_get  usbd_enum.o
    0x0800130e   0x0800130e   0x00000074   Code   RO         4432    i._usb_std_clearfeature  usbd_enum.o
    0x08001382   0x08001382   0x00000040   Code   RO         4433    i._usb_std_getconfiguration  usbd_enum.o
    0x080013c2   0x080013c2   0x00000002   PAD
    0x080013c4   0x080013c4   0x00000110   Code   RO         4434    i._usb_std_getdescriptor  usbd_enum.o
    0x080014d4   0x080014d4   0x0000003c   Code   RO         4435    i._usb_std_getinterface  usbd_enum.o
    0x08001510   0x08001510   0x000000c4   Code   RO         4436    i._usb_std_getstatus  usbd_enum.o
    0x080015d4   0x080015d4   0x00000006   Code   RO         4437    i._usb_std_reserved  usbd_enum.o
    0x080015da   0x080015da   0x0000005c   Code   RO         4438    i._usb_std_setaddress  usbd_enum.o
    0x08001636   0x08001636   0x00000002   PAD
    0x08001638   0x08001638   0x000000b4   Code   RO         4439    i._usb_std_setconfiguration  usbd_enum.o
    0x080016ec   0x080016ec   0x00000006   Code   RO         4440    i._usb_std_setdescriptor  usbd_enum.o
    0x080016f2   0x080016f2   0x00000068   Code   RO         4441    i._usb_std_setfeature  usbd_enum.o
    0x0800175a   0x0800175a   0x00000044   Code   RO         4442    i._usb_std_setinterface  usbd_enum.o
    0x0800179e   0x0800179e   0x00000006   Code   RO         4443    i._usb_std_synchframe  usbd_enum.o
    0x080017a4   0x080017a4   0x00000014   Code   RO         4444    i._usb_str_desc_get  usbd_enum.o
    0x080017b8   0x080017b8   0x0000002a   Code   RO          463    i.adc_calibration_enable  gd32c10x_adc.o
    0x080017e2   0x080017e2   0x00000046   Code   RO          464    i.adc_channel_length_config  gd32c10x_adc.o
    0x08001828   0x08001828   0x00000016   Code   RO          465    i.adc_data_alignment_config  gd32c10x_adc.o
    0x0800183e   0x0800183e   0x00000012   Code   RO          471    i.adc_enable        gd32c10x_adc.o
    0x08001850   0x08001850   0x0000003e   Code   RO          472    i.adc_external_trigger_config  gd32c10x_adc.o
    0x0800188e   0x0800188e   0x00000030   Code   RO          473    i.adc_external_trigger_source_config  gd32c10x_adc.o
    0x080018be   0x080018be   0x00000002   PAD
    0x080018c0   0x080018c0   0x0000001c   Code   RO          484    i.adc_mode_config   gd32c10x_adc.o
    0x080018dc   0x080018dc   0x000001c4   Code   RO          859    i.can_message_receive  gd32c10x_can.o
    0x08001aa0   0x08001aa0   0x00000022   Code   RO         4629    i.cdc_acm_deinit    cdc_acm_core.o
    0x08001ac2   0x08001ac2   0x00000002   PAD
    0x08001ac4   0x08001ac4   0x00000050   Code   RO         4630    i.cdc_acm_in        cdc_acm_core.o
    0x08001b14   0x08001b14   0x00000060   Code   RO         4631    i.cdc_acm_init      cdc_acm_core.o
    0x08001b74   0x08001b74   0x00000124   Code   RO         4632    i.cdc_acm_out       cdc_acm_core.o
    0x08001c98   0x08001c98   0x000000b0   Code   RO         4633    i.cdc_acm_req       cdc_acm_core.o
    0x08001d48   0x08001d48   0x00000052   Code   RO         4634    i.cdc_ctlx_out      cdc_acm_core.o
    0x08001d9a   0x08001d9a   0x00000002   PAD
    0x08001d9c   0x08001d9c   0x0000001c   Code   RO         1120    i.ctc_clock_limit_value_config  gd32c10x_ctc.o
    0x08001db8   0x08001db8   0x00000030   Code   RO          187    i.ctc_config        gd32c10x_hw.o
    0x08001de8   0x08001de8   0x00000014   Code   RO         1124    i.ctc_counter_enable  gd32c10x_ctc.o
    0x08001dfc   0x08001dfc   0x0000001c   Code   RO         1125    i.ctc_counter_reload_value_config  gd32c10x_ctc.o
    0x08001e18   0x08001e18   0x00000018   Code   RO         1129    i.ctc_flag_get      gd32c10x_ctc.o
    0x08001e30   0x08001e30   0x0000001c   Code   RO         1130    i.ctc_hardware_trim_mode_config  gd32c10x_ctc.o
    0x08001e4c   0x08001e4c   0x0000001c   Code   RO         1137    i.ctc_refsource_polarity_config  gd32c10x_ctc.o
    0x08001e68   0x08001e68   0x0000001c   Code   RO         1138    i.ctc_refsource_prescaler_config  gd32c10x_ctc.o
    0x08001e84   0x08001e84   0x0000001c   Code   RO         1139    i.ctc_refsource_signal_select  gd32c10x_ctc.o
    0x08001ea0   0x08001ea0   0x000000b8   Code   RO         1726    i.exti_init         gd32c10x_exti.o
    0x08001f58   0x08001f58   0x00000010   Code   RO         1728    i.exti_interrupt_enable  gd32c10x_exti.o
    0x08001f68   0x08001f68   0x0000000c   Code   RO         1729    i.exti_interrupt_flag_clear  gd32c10x_exti.o
    0x08001f74   0x08001f74   0x00000024   Code   RO         1730    i.exti_interrupt_flag_get  gd32c10x_exti.o
    0x08001f98   0x08001f98   0x00000004   Code   RO         2080    i.gpio_bit_reset    gd32c10x_gpio.o
    0x08001f9c   0x08001f9c   0x00000004   Code   RO         2081    i.gpio_bit_set      gd32c10x_gpio.o
    0x08001fa0   0x08001fa0   0x000000bc   Code   RO         2090    i.gpio_init         gd32c10x_gpio.o
    0x0800205c   0x0800205c   0x00000010   Code   RO         2091    i.gpio_input_bit_get  gd32c10x_gpio.o
    0x0800206c   0x0800206c   0x0000002c   Code   RO          188    i.hw_delay          gd32c10x_hw.o
    0x08002098   0x08002098   0x00000070   Code   RO          189    i.hw_time_set       gd32c10x_hw.o
    0x08002108   0x08002108   0x0000003c   Code   RO         4445    i.int_to_unicode    usbd_enum.o
    0x08002144   0x08002144   0x000000dc   Code   RO            3    i.main              app.o
    0x08002220   0x08002220   0x000000ac   Code   RO         2432    i.nvic_irq_enable   gd32c10x_misc.o
    0x080022cc   0x080022cc   0x00000014   Code   RO         2433    i.nvic_priority_group_set  gd32c10x_misc.o
    0x080022e0   0x080022e0   0x00000018   Code   RO         2434    i.nvic_vector_table_set  gd32c10x_misc.o
    0x080022f8   0x080022f8   0x000000c4   Code   RO         2495    i.pmu_to_deepsleepmode  gd32c10x_pmu.o
    0x080023bc   0x080023bc   0x0000006c   Code   RO         2580    i.rcu_adc_clock_config  gd32c10x_rcu.o
    0x08002428   0x08002428   0x0000001c   Code   RO         2587    i.rcu_ck48m_clock_config  gd32c10x_rcu.o
    0x08002444   0x08002444   0x00000180   Code   RO         2589    i.rcu_clock_freq_get  gd32c10x_rcu.o
    0x080025c4   0x080025c4   0x00000024   Code   RO         2592    i.rcu_flag_get      gd32c10x_rcu.o
    0x080025e8   0x080025e8   0x00000020   Code   RO         2606    i.rcu_osci_on       gd32c10x_rcu.o
    0x08002608   0x08002608   0x0000015c   Code   RO         2607    i.rcu_osci_stab_wait  gd32c10x_rcu.o
    0x08002764   0x08002764   0x00000020   Code   RO         2609    i.rcu_periph_clock_enable  gd32c10x_rcu.o
    0x08002784   0x08002784   0x00000020   Code   RO         2612    i.rcu_periph_reset_disable  gd32c10x_rcu.o
    0x080027a4   0x080027a4   0x00000020   Code   RO         2613    i.rcu_periph_reset_enable  gd32c10x_rcu.o
    0x080027c4   0x080027c4   0x00000018   Code   RO         2623    i.rcu_usb_clock_config  gd32c10x_rcu.o
    0x080027dc   0x080027dc   0x0000004c   Code   RO         4446    i.serial_string_get  usbd_enum.o
    0x08002828   0x08002828   0x000000fc   Code   RO          423    i.system_clock_120m_hxtal  system_gd32c10x.o
    0x08002924   0x08002924   0x00000008   Code   RO          424    i.system_clock_config  system_gd32c10x.o
    0x0800292c   0x0800292c   0x0000000a   Code   RO         3217    i.timer_auto_reload_shadow_enable  gd32c10x_timer.o
    0x08002936   0x08002936   0x0000002a   Code   RO         3225    i.timer_channel_capture_value_register_read  gd32c10x_timer.o
    0x08002960   0x08002960   0x0000005c   Code   RO         3237    i.timer_channel_output_polarity_config  gd32c10x_timer.o
    0x080029bc   0x080029bc   0x00000008   Code   RO         3244    i.timer_counter_read  gd32c10x_timer.o
    0x080029c4   0x080029c4   0x00000004   Code   RO         3246    i.timer_counter_value_config  gd32c10x_timer.o
    0x080029c8   0x080029c8   0x00000184   Code   RO         3247    i.timer_deinit      gd32c10x_timer.o
    0x08002b4c   0x08002b4c   0x0000000a   Code   RO         3248    i.timer_disable     gd32c10x_timer.o
    0x08002b56   0x08002b56   0x0000000a   Code   RO         3252    i.timer_enable      gd32c10x_timer.o
    0x08002b60   0x08002b60   0x000000a4   Code   RO         3262    i.timer_init        gd32c10x_timer.o
    0x08002c04   0x08002c04   0x00000008   Code   RO         3268    i.timer_interrupt_disable  gd32c10x_timer.o
    0x08002c0c   0x08002c0c   0x00000008   Code   RO         3269    i.timer_interrupt_enable  gd32c10x_timer.o
    0x08002c14   0x08002c14   0x00000006   Code   RO         3270    i.timer_interrupt_flag_clear  gd32c10x_timer.o
    0x08002c1a   0x08002c1a   0x00000018   Code   RO         3271    i.timer_interrupt_flag_get  gd32c10x_timer.o
    0x08002c32   0x08002c32   0x00000016   Code   RO         3282    i.timer_struct_para_init  gd32c10x_timer.o
    0x08002c48   0x08002c48   0x00000090   Code   RO         3657    i.usart_baudrate_set  gd32c10x_usart.o
    0x08002cd8   0x08002cd8   0x0000000a   Code   RO         3660    i.usart_data_receive  gd32c10x_usart.o
    0x08002ce2   0x08002ce2   0x00000008   Code   RO         3661    i.usart_data_transmit  gd32c10x_usart.o
    0x08002cea   0x08002cea   0x0000000a   Code   RO         3666    i.usart_enable      gd32c10x_usart.o
    0x08002cf4   0x08002cf4   0x0000001e   Code   RO         3668    i.usart_flag_get    gd32c10x_usart.o
    0x08002d12   0x08002d12   0x0000001a   Code   RO         3675    i.usart_interrupt_disable  gd32c10x_usart.o
    0x08002d2c   0x08002d2c   0x0000001a   Code   RO         3676    i.usart_interrupt_enable  gd32c10x_usart.o
    0x08002d46   0x08002d46   0x0000001a   Code   RO         3677    i.usart_interrupt_flag_clear  gd32c10x_usart.o
    0x08002d60   0x08002d60   0x00000038   Code   RO         3678    i.usart_interrupt_flag_get  gd32c10x_usart.o
    0x08002d98   0x08002d98   0x00000010   Code   RO         3691    i.usart_receive_config  gd32c10x_usart.o
    0x08002da8   0x08002da8   0x00000010   Code   RO         3701    i.usart_stop_bit_set  gd32c10x_usart.o
    0x08002db8   0x08002db8   0x00000010   Code   RO         3705    i.usart_transmit_config  gd32c10x_usart.o
    0x08002dc8   0x08002dc8   0x00000010   Code   RO         3706    i.usart_word_length_set  gd32c10x_usart.o
    0x08002dd8   0x08002dd8   0x000000da   Code   RO         4090    i.usb_basic_init    drv_usb_core.o
    0x08002eb2   0x08002eb2   0x00000020   Code   RO         4164    i.usb_clock_active  drv_usb_dev.o
    0x08002ed2   0x08002ed2   0x00000002   PAD
    0x08002ed4   0x08002ed4   0x000000b8   Code   RO         4091    i.usb_core_init     drv_usb_core.o
    0x08002f8c   0x08002f8c   0x00000026   Code   RO         4092    i.usb_core_reset    drv_usb_core.o
    0x08002fb2   0x08002fb2   0x00000002   PAD
    0x08002fb4   0x08002fb4   0x00000028   Code   RO         4165    i.usb_ctlep_startout  drv_usb_dev.o
    0x08002fdc   0x08002fdc   0x0000002e   Code   RO         4093    i.usb_curmode_set   drv_usb_core.o
    0x0800300a   0x0800300a   0x00000002   PAD
    0x0800300c   0x0800300c   0x00000150   Code   RO         4168    i.usb_devcore_init  drv_usb_dev.o
    0x0800315c   0x0800315c   0x00000040   Code   RO         4169    i.usb_devint_enable  drv_usb_dev.o
    0x0800319c   0x0800319c   0x0000002a   Code   RO         4170    i.usb_iepintr_read  drv_usb_dev.o
    0x080031c6   0x080031c6   0x00000044   Code   RO          190    i.usb_intr_config   gd32c10x_hw.o
    0x0800320a   0x0800320a   0x0000000e   Code   RO          191    i.usb_mdelay        gd32c10x_hw.o
    0x08003218   0x08003218   0x0000009c   Code   RO          192    i.usb_rcu_config    gd32c10x_hw.o
    0x080032b4   0x080032b4   0x00000022   Code   RO         4094    i.usb_rxfifo_flush  drv_usb_core.o
    0x080032d6   0x080032d6   0x0000001e   Code   RO         4095    i.usb_rxfifo_read   drv_usb_core.o
    0x080032f4   0x080032f4   0x00000048   Code   RO         4096    i.usb_set_txfifo    drv_usb_core.o
    0x0800333c   0x0800333c   0x00000028   Code   RO          193    i.usb_timer_init    gd32c10x_hw.o
    0x08003364   0x08003364   0x00000038   Code   RO          194    i.usb_timer_irq     gd32c10x_hw.o
    0x0800339c   0x0800339c   0x00000098   Code   RO         4173    i.usb_transc_active  drv_usb_dev.o
    0x08003434   0x08003434   0x00000044   Code   RO         4174    i.usb_transc_clrstall  drv_usb_dev.o
    0x08003478   0x08003478   0x00000064   Code   RO         4175    i.usb_transc_deactivate  drv_usb_dev.o
    0x080034dc   0x080034dc   0x0000010c   Code   RO         4176    i.usb_transc_inxfer  drv_usb_dev.o
    0x080035e8   0x080035e8   0x00000090   Code   RO         4177    i.usb_transc_outxfer  drv_usb_dev.o
    0x08003678   0x08003678   0x00000042   Code   RO         4178    i.usb_transc_stall  drv_usb_dev.o
    0x080036ba   0x080036ba   0x00000028   Code   RO         4097    i.usb_txfifo_flush  drv_usb_core.o
    0x080036e2   0x080036e2   0x00000022   Code   RO         4098    i.usb_txfifo_write  drv_usb_core.o
    0x08003704   0x08003704   0x0000000e   Code   RO          195    i.usb_udelay        gd32c10x_hw.o
    0x08003712   0x08003712   0x00000026   Code   RO         4447    i.usbd_class_request  usbd_enum.o
    0x08003738   0x08003738   0x0000001c   Code   RO         4343    i.usbd_connect      usbd_core.o
    0x08003754   0x08003754   0x0000002e   Code   RO         4567    i.usbd_ctl_recev    usbd_transc.o
    0x08003782   0x08003782   0x0000002e   Code   RO         4568    i.usbd_ctl_send     usbd_transc.o
    0x080037b0   0x080037b0   0x00000020   Code   RO         4569    i.usbd_ctl_status_recev  usbd_transc.o
    0x080037d0   0x080037d0   0x00000020   Code   RO         4570    i.usbd_ctl_status_send  usbd_transc.o
    0x080037f0   0x080037f0   0x0000001c   Code   RO         4344    i.usbd_disconnect   usbd_core.o
    0x0800380c   0x0800380c   0x0000008c   Code   RO         4277    i.usbd_emptytxfifo_write  drv_usbd_int.o
    0x08003898   0x08003898   0x0000001e   Code   RO         4448    i.usbd_enum_error   usbd_enum.o
    0x080038b6   0x080038b6   0x00000034   Code   RO         4345    i.usbd_ep_clear     usbd_core.o
    0x080038ea   0x080038ea   0x0000003c   Code   RO         4346    i.usbd_ep_recev     usbd_core.o
    0x08003926   0x08003926   0x0000003c   Code   RO         4347    i.usbd_ep_send      usbd_core.o
    0x08003962   0x08003962   0x00000002   PAD
    0x08003964   0x08003964   0x00000070   Code   RO         4348    i.usbd_ep_setup     usbd_core.o
    0x080039d4   0x080039d4   0x0000003a   Code   RO         4349    i.usbd_ep_stall     usbd_core.o
    0x08003a0e   0x08003a0e   0x0000003a   Code   RO         4350    i.usbd_ep_stall_clear  usbd_core.o
    0x08003a48   0x08003a48   0x000000a0   Code   RO         4571    i.usbd_in_transc    usbd_transc.o
    0x08003ae8   0x08003ae8   0x0000007c   Code   RO         4352    i.usbd_init         usbd_core.o
    0x08003b64   0x08003b64   0x00000068   Code   RO         4278    i.usbd_int_enumfinish  drv_usbd_int.o
    0x08003bcc   0x08003bcc   0x0000008a   Code   RO         4279    i.usbd_int_epin     drv_usbd_int.o
    0x08003c56   0x08003c56   0x000000ce   Code   RO         4280    i.usbd_int_epout    drv_usbd_int.o
    0x08003d24   0x08003d24   0x000000d8   Code   RO         4281    i.usbd_int_reset    drv_usbd_int.o
    0x08003dfc   0x08003dfc   0x000000b2   Code   RO         4282    i.usbd_int_rxfifo   drv_usbd_int.o
    0x08003eae   0x08003eae   0x00000066   Code   RO         4283    i.usbd_int_suspend  drv_usbd_int.o
    0x08003f14   0x08003f14   0x000000de   Code   RO         4284    i.usbd_isr          drv_usbd_int.o
    0x08003ff2   0x08003ff2   0x00000084   Code   RO         4572    i.usbd_out_transc   usbd_transc.o
    0x08004076   0x08004076   0x00000084   Code   RO         4573    i.usbd_setup_transc  usbd_transc.o
    0x080040fa   0x080040fa   0x00000002   PAD
    0x080040fc   0x080040fc   0x0000001c   Code   RO         4449    i.usbd_standard_request  usbd_enum.o
    0x08004118   0x08004118   0x00000006   Code   RO         4450    i.usbd_vendor_request  usbd_enum.o
    0x0800411e   0x0800411e   0x0000000a   Code   RO         5283    x$fpl$fpinit        fz_wm.l(fpinit.o)
    0x08004128   0x08004128   0x00000020   Data   RO            5    .constdata          app.o
    0x08004148   0x08004148   0x000000d8   Data   RO          874    .constdata          gd32c10x_can.o
    0x08004220   0x08004220   0x00000004   Data   RO         4179    .constdata          drv_usb_dev.o
    0x08004224   0x08004224   0x0000003c   Data   RO         4285    .constdata          drv_usbd_int.o
    0x08004260   0x08004260   0x00000010   Data   RO         4353    .constdata          usbd_core.o
    0x08004270   0x08004270   0x00000177   Data   RO         4636    .constdata          cdc_acm_core.o
    0x080043e7   0x080043e7   0x00000001   PAD
    0x080043e8   0x080043e8   0x00000020   Data   RO         5351    Region$$Table       anon$$obj.o


    Execution Region RW_IRAM1 (Exec base: 0x20000000, Load base: 0x08004408, Size: 0x00004e78, Max: 0x00008000, ABSOLUTE, COMPRESSED[0x0000006c])

    Exec Addr    Load Addr    Size         Type   Attr      Idx    E Section Name        Object

    0x20000000   COMPRESSED   0x0000000c   Data   RW          196    .data               gd32c10x_hw.o
    0x2000000c   COMPRESSED   0x00000001   Data   RW          279    .data               gd32c10x_it.o
    0x2000000d   COMPRESSED   0x00000001   PAD
    0x2000000e   COMPRESSED   0x00000008   Data   RW         4180    .data               drv_usb_dev.o
    0x20000016   COMPRESSED   0x00000002   PAD
    0x20000018   COMPRESSED   0x00000043   Data   RW         4451    .data               usbd_enum.o
    0x2000005b   COMPRESSED   0x00000001   PAD
    0x2000005c   COMPRESSED   0x000000d8   Data   RW         4637    .data               cdc_acm_core.o
    0x20000134   COMPRESSED   0x00000047   Data   RW         4725    .data               bsp.o
    0x2000017b   COMPRESSED   0x00000001   PAD
    0x2000017c        -       0x0000043c   Zero   RW            4    .bss                app.o
    0x200005b8        -       0x00000010   Zero   RW         2500    .bss                gd32c10x_pmu.o
    0x200005c8        -       0x00000064   Zero   RW         4635    .bss                cdc_acm_core.o
    0x2000062c        -       0x00003fe8   Zero   RW         4724    .bss                bsp.o
    0x20004614        -       0x00000060   Zero   RW         5225    .bss                c_w.l(libspace.o)
    0x20004674   COMPRESSED   0x00000004   PAD
    0x20004678        -       0x00000400   Zero   RW         4710    HEAP                startup_gd32c10x.o
    0x20004a78        -       0x00000400   Zero   RW         4709    STACK               startup_gd32c10x.o


==============================================================================

Image component sizes


      Code (inc. data)   RO Data    RW Data    ZI Data      Debug   Object Name

       220         48         32          0       1084      96081   app.o
       172         16          0         71      16360       4084   bsp.o
       788         46        375        216        100       7772   cdc_acm_core.o
       696          6          0          0          0      21387   drv_usb_core.o
      1312         30          4          8          0      13540   drv_usb_dev.o
      1306         22         60          0          0      10211   drv_usbd_int.o
       290          6          0          0          0       4883   gd32c10x_adc.o
       452          4        216          0          0       2325   gd32c10x_can.o
       212         46          0          0          0       5124   gd32c10x_ctc.o
       248         20          0          0          0       2810   gd32c10x_exti.o
       212          0          0          0          0       2977   gd32c10x_gpio.o
       552         56          0         12          0       5720   gd32c10x_hw.o
      2050        156          0          1          0      13543   gd32c10x_it.o
       216         28          0          0          0       2216   gd32c10x_misc.o
       196         26          0          0         16        767   gd32c10x_pmu.o
      1056         94          0          0          0       7657   gd32c10x_rcu.o
       796         44          0          0          0      10426   gd32c10x_timer.o
       400          8          0          0          0       9255   gd32c10x_usart.o
        64         26        336          0       2048        968   startup_gd32c10x.o
       424         40          0          0          0       2697   system_gd32c10x.o
       462         44          0          0          0       4121   timer.o
       862         56          0          0          0       6481   usart.o
       580          6         16          0          0      12208   usbd_core.o
      1502         46          0         67          0      21154   usbd_enum.o
       580          0          0          0          0       5839   usbd_transc.o

    ----------------------------------------------------------------------
     15670        874       1072        380      19608     274246   Object Totals
         0          0         32          0          0          0   (incl. Generated)
        22          0          1          5          0          0   (incl. Padding)

    ----------------------------------------------------------------------

      Code (inc. data)   RO Data    RW Data    ZI Data      Debug   Library Member Name

        90          0          0          0          0          0   __dczerorl2.o
         8          0          0          0          0         68   __main.o
         0          0          0          0          0          0   __rtentry.o
        12          0          0          0          0          0   __rtentry2.o
         6          0          0          0          0          0   __rtentry4.o
        52          8          0          0          0          0   __scatter.o
        28          0          0          0          0          0   __scatter_zi.o
        18          0          0          0          0         80   exit.o
         6          0          0          0          0        152   heapauxi.o
         0          0          0          0          0          0   indicate_semi.o
         2          0          0          0          0          0   libinit.o
         6          0          0          0          0          0   libinit2.o
         2          0          0          0          0          0   libshutdown.o
         2          0          0          0          0          0   libshutdown2.o
         8          4          0          0         96         68   libspace.o
        78          0          0          0          0         80   rt_memclr_w.o
       138          0          0          0          0         68   rt_memcpy_v6.o
       100          0          0          0          0         80   rt_memcpy_w.o
         2          0          0          0          0          0   rtexit.o
        10          0          0          0          0          0   rtexit2.o
        12          4          0          0          0         68   sys_exit.o
        74          0          0          0          0         80   sys_stackheap_outer.o
         2          0          0          0          0         68   use_no_semi.o
        10          0          0          0          0        116   fpinit.o

    ----------------------------------------------------------------------
       674         16          0          0        100        928   Library Totals
         8          0          0          0          4          0   (incl. Padding)

    ----------------------------------------------------------------------

      Code (inc. data)   RO Data    RW Data    ZI Data      Debug   Library Name

       656         16          0          0         96        812   c_w.l
        10          0          0          0          0        116   fz_wm.l

    ----------------------------------------------------------------------
       674         16          0          0        100        928   Library Totals

    ----------------------------------------------------------------------

==============================================================================


      Code (inc. data)   RO Data    RW Data    ZI Data      Debug   

     16344        890       1072        380      19708     256462   Grand Totals
     16344        890       1072        108      19708     256462   ELF Image Totals (compressed)
     16344        890       1072        108          0          0   ROM Totals

==============================================================================

    Total RO  Size (Code + RO Data)                17416 (  17.01kB)
    Total RW  Size (RW Data + ZI Data)             20088 (  19.62kB)
    Total ROM Size (Code + RO Data + RW Data)      17524 (  17.11kB)

==============================================================================

